#
# A fatal error has been detected by the Java Runtime Environment:
#
#  EXCEPTION_ACCESS_VIOLATION (0xc0000005) at pc=0x00007ffc7e4b46b6, pid=53580, tid=17136
#
# JRE version: Java(TM) SE Runtime Environment (25.0+37) (build 25+37-LTS-3491)
# Java VM: Java HotSpot(TM) 64-Bit Server VM (25+37-LTS-3491, mixed mode, sharing, tiered, compressed oops, compressed class ptrs, parallel gc, windows-amd64)
# Problematic frame:
# V  [jvm.dll+0xf46b6]
#
# No core dump will be written. Minidumps are not enabled by default on client versions of Windows
#
# If you would like to submit a bug report, please visit:
#   https://bugreport.java.com/bugreport/crash.jsp
#

---------------  S U M M A R Y ------------

Command Line: -Djdk.xml.maxGeneralEntitySizeLimit=0 -Djdk.xml.totalEntitySizeLimit=0 --add-modules=ALL-SYSTEM --add-opens=java.base/java.util=ALL-UNNAMED --add-opens=java.base/java.lang=ALL-UNNAMED --add-opens=java.base/sun.nio.fs=ALL-UNNAMED -Declipse.application=org.eclipse.jdt.ls.core.id1 -Dosgi.bundles.defaultStartLevel=4 -Declipse.product=org.eclipse.jdt.ls.core.product -Djava.import.generatesMetadataFilesAtProjectRoot=false -DDetectVMInstallationsJob.disabled=true -Dfile.encoding=utf8 -XX:+UseParallelGC -XX:GCTimeRatio=4 -XX:AdaptiveSizePolicyWeight=90 -Dsun.zip.disableMemoryMapping=true -Xmx8G -Xms100m -Xlog:disable -javaagent:c:\Users\bondu\.vscode\extensions\redhat.java-1.50.0-win32-x64\lombok\lombok-1.18.39-4050.jar -XX:+HeapDumpOnOutOfMemoryError -XX:HeapDumpPath=c:\Users\bondu\AppData\Roaming\Code\User\workspaceStorage\e21e46f154a9d36f76d65e8892e77e12\redhat.java -Daether.dependencyCollector.impl=bf c:\Users\bondu\.vscode\extensions\redhat.java-1.50.0-win32-x64\server\plugins\org.eclipse.equinox.launcher_1.7.100.v20251111-0406.jar -configuration c:\Users\bondu\AppData\Roaming\Code\User\globalStorage\redhat.java\1.50.0\config_win -data c:\Users\bondu\AppData\Roaming\Code\User\workspaceStorage\e21e46f154a9d36f76d65e8892e77e12\redhat.java\jdt_ws --pipe=\\.\pipe\lsp-a2fad40b42f59d9a11783196068d6ae4-sock

Host: Intel(R) Core(TM) i9-14900HX, 32 cores, 15G,  Windows 11 , 64 bit Build 26100 (10.0.26100.7309)
Time: Sun Dec 14 23:21:13 2025 Eastern Standard Time elapsed time: 443.092421 seconds (0d 0h 7m 23s)

---------------  T H R E A D  ---------------

Current thread (0x0000021aaa25f660):  JavaThread "C2 CompilerThread2" daemon [_thread_in_native, id=17136, stack(0x000000c8e9300000,0x000000c8e9400000) (1024K)]


Current CompileTask:
C2:443092 20607       4       sun.security.ec.ECOperations::setDouble (463 bytes)

Stack: [0x000000c8e9300000,0x000000c8e9400000],  sp=0x000000c8e93fbc40,  free space=1007k
Native frames: (J=compiled Java code, j=interpreted, Vv=VM code, C=native code)
V  [jvm.dll+0xf46b6]  (no source info available)
V  [jvm.dll+0x6d12ac]  (no source info available)
V  [jvm.dll+0x6d0f29]  (no source info available)
V  [jvm.dll+0x6d0646]  (no source info available)
V  [jvm.dll+0x6b927d]  (no source info available)
V  [jvm.dll+0x2c9bfa]  (no source info available)
V  [jvm.dll+0x2c9fef]  (no source info available)
V  [jvm.dll+0x2c2519]  (no source info available)
V  [jvm.dll+0x2bf995]  (no source info available)
V  [jvm.dll+0x237b60]  (no source info available)
V  [jvm.dll+0x2cfb56]  (no source info available)
V  [jvm.dll+0x2cddd5]  (no source info available)
V  [jvm.dll+0x48e671]  (no source info available)
V  [jvm.dll+0x90681d]  (no source info available)
V  [jvm.dll+0x7a5015]  (no source info available)
C  [ucrtbase.dll+0x37b0]  (no source info available)
C  [KERNEL32.DLL+0x2e8d7]  (no source info available)
C  [ntdll.dll+0x8c53c]  (no source info available)


siginfo: EXCEPTION_ACCESS_VIOLATION (0xc0000005), reading address 0x0000000000000008


Registers:
RAX=0x0000000000000000, RBX=0x0000021abd066b68, RCX=0x0000021aa90aa458, RDX=0x0000000000000001
RSP=0x000000c8e93fbc40, RBP=0x0000000000000002, RSI=0x0000000000000000, RDI=0x0000021aa90aa458
R8 =0x0000021abd066b68, R9 =0x0000000000000040, R10=0x00007ffd19690000, R11=0x0000000000000000
R12=0x0000021aa90aa458, R13=0x0000021aaf049680, R14=0x000000c8e93fbf60, R15=0x0000000000000010
RIP=0x00007ffc7e4b46b6, EFLAGS=0x0000000000010202

XMM[0]=0x0000000000000000 0x0000000000000000
XMM[1]=0x0000021aaf049680 0x0000021aff0c56a0
XMM[2]=0x0000021aa90aa3f0 0x0000021aaf0495f8
XMM[3]=0x0000000000000000 0x0000000000000000
XMM[4]=0x0000000000000000 0x0000000000000000
XMM[5]=0x0000021aad6944e0 0x0000021aad694360
XMM[6]=0x0000000000000000 0x0000000000000000
XMM[7]=0x0000000000000000 0x0000000000000000
XMM[8]=0x0000000000000000 0x0000000000000000
XMM[9]=0x0000000000000000 0x0000000000000000
XMM[10]=0x0000000000000000 0x0000000000000000
XMM[11]=0x0000000000000000 0x0000000000000000
XMM[12]=0x0000000000000000 0x0000000000000000
XMM[13]=0x0000000000000000 0x0000000000000000
XMM[14]=0x0000000000000000 0x0000000000000000
XMM[15]=0x0000000000000000 0x0000000000000000
  MXCSR=0x00001fa0


Register to memory mapping:

RAX=0x0 is null
RBX=0x0000021abd066b68 points into unknown readable memory: 0x00007ffc7ee5e9c8 | c8 e9 e5 7e fc 7f 00 00
RCX=0x0000021aa90aa458 points into unknown readable memory: 0x0000021aa90aa380 | 80 a3 0a a9 1a 02 00 00
RDX=0x0000000000000001 is an unknown value
RSP=0x000000c8e93fbc40 is pointing into the stack for thread: 0x0000021aaa25f660
RBP=0x0000000000000002 is an unknown value
RSI=0x0 is null
RDI=0x0000021aa90aa458 points into unknown readable memory: 0x0000021aa90aa380 | 80 a3 0a a9 1a 02 00 00
R8 =0x0000021abd066b68 points into unknown readable memory: 0x00007ffc7ee5e9c8 | c8 e9 e5 7e fc 7f 00 00
R9 =0x0000000000000040 is an unknown value
R10=0x00007ffd19690000 VCRUNTIME140.dll
R11=0x0 is null
R12=0x0000021aa90aa458 points into unknown readable memory: 0x0000021aa90aa380 | 80 a3 0a a9 1a 02 00 00
R13=0x0000021aaf049680 points into unknown readable memory: 0x00007ffc7eef03b8 | b8 03 ef 7e fc 7f 00 00
R14=0x000000c8e93fbf60 is pointing into the stack for thread: 0x0000021aaa25f660
R15=0x0000000000000010 is an unknown value

Top of Stack: (sp=0x000000c8e93fbc40)
0x000000c8e93fbc40:   0000000000000010 000000c8e93fbf60   ........`.?.....
0x000000c8e93fbc50:   0000021aaf049680 0000021aaf04b010   ................
0x000000c8e93fbc60:   0000021aaf04b010 00007ffc7ea912ac   ...........~....
0x000000c8e93fbc70:   0000000000000001 0000000000000002   ................
0x000000c8e93fbc80:   0000000000000000 0000021aaf04b010   ................
0x000000c8e93fbc90:   000000c8e93fbf60 000000c8e93fbf60   `.?.....`.?.....
0x000000c8e93fbca0:   000000c8e93fbf60 00007ffc7ea9044e   `.?.....N..~....
0x000000c8e93fbcb0:   0000000100000000 000000c800000002   ................
0x000000c8e93fbcc0:   0000021aa90aa380 00007ffc000034e0   .........4......
0x000000c8e93fbcd0:   0000000000000002 0000021aa90aa458   ........X.......
0x000000c8e93fbce0:   00000000000000cd 0000021aae6c69e8   .........il.....
0x000000c8e93fbcf0:   0000000000000006 0000000000000007   ................
0x000000c8e93fbd00:   0000021aaf049680 000000c8e93fbf60   ........`.?.....
0x000000c8e93fbd10:   000000c8e93fbf60 0000021aaf04b010   `.?.............
0x000000c8e93fbd20:   00000000000000cd 00007ffc7ea90f29   ........)..~....
0x000000c8e93fbd30:   00000000000000db 0000021aaf049680   ................
0x000000c8e93fbd40:   0000021aaf04b010 0000000000000000   ................
0x000000c8e93fbd50:   0000021aaf049680 00007ffc7ea90646   ........F..~....
0x000000c8e93fbd60:   000000c8e93fbe80 00000000000000db   ..?.............
0x000000c8e93fbd70:   0000021aaf04b2b8 0000000000000002   ................
0x000000c8e93fbd80:   0000000000000000 0000000000000004   ................
0x000000c8e93fbd90:   0000000000000000 000000c8e93fbf60   ........`.?.....
0x000000c8e93fbda0:   0000021aaec664d8 00007ffc7ea7927d   .d......}..~....
0x000000c8e93fbdb0:   0000021afceb83a0 000000c8e93fbe08   ..........?.....
0x000000c8e93fbdc0:   0000021abb9e6920 000000c8e93fbeb0    i........?.....
0x000000c8e93fbdd0:   000000c8e93fbe80 000000c8e93fbde0   ..?.......?.....
0x000000c8e93fbde0:   0000021aaed18dd0 0000021a00001000   ................
0x000000c8e93fbdf0:   0000021aba6933a8 0000021ac4b211be   .3i.............
0x000000c8e93fbe00:   000000c800000000 0000020000000200   ................
0x000000c8e93fbe10:   0000021aaca51ce8 0000021aaed18dd0   ................
0x000000c8e93fbe20:   00000000237f3f58 0000021ac4b211b0   X?.#............
0x000000c8e93fbe30:   000000c8e93fe3f0 000000c8e93fe5b0   ..?.......?.....

Instructions: (pc=0x00007ffc7e4b46b6)
  0x00007ffc7e4b45b6:   44 8b c3 41 8b e9 48 8b fa 48 8b 48 10 8b 42 28
  0x00007ffc7e4b45c6:   4c 8b 14 c1 8b 46 28 41 83 7a 10 03 48 8b 0c c1
  0x00007ffc7e4b45d6:   8b c3 4d 0f 44 c2 83 79 10 03 48 0f 44 c1 4d 85
  0x00007ffc7e4b45e6:   c0 74 32 41 8b 50 20 41 3b 50 24 75 28 48 85 c0
  0x00007ffc7e4b45f6:   74 23 8b 48 20 3b 48 24 75 1b 41 23 c9 41 8b c1
  0x00007ffc7e4b4606:   2b c1 41 23 d1 ff c0 3b d0 75 0a 49 8b ce e8 a7
  0x00007ffc7e4b4616:   9e 6d 00 eb 67 48 8b 06 48 8b ce ff 10 3d 61 01
  0x00007ffc7e4b4626:   00 00 75 56 48 8b 46 08 48 39 78 10 75 4c 48 8b
  0x00007ffc7e4b4636:   48 08 8b 41 30 c1 e8 04 a8 01 74 3e 8b 51 28 49
  0x00007ffc7e4b4646:   8b 46 28 48 8b 48 10 48 8b 04 d1 48 8b cb 83 78
  0x00007ffc7e4b4656:   10 03 48 0f 44 c8 48 85 c9 74 1f 8b 51 20 3b 51
  0x00007ffc7e4b4666:   24 75 17 85 d2 74 0e 8d 4d 01 3b d1 48 0f 44 df
  0x00007ffc7e4b4676:   48 8b c3 eb 07 48 8b c7 eb 02 33 c0 48 8b 5c 24
  0x00007ffc7e4b4686:   30 48 8b 6c 24 38 48 8b 74 24 40 48 8b 7c 24 48
  0x00007ffc7e4b4696:   48 83 c4 20 41 5e c3 cc cc cc 48 89 5c 24 08 57
  0x00007ffc7e4b46a6:   48 83 ec 20 48 8b 41 08 48 8b f9 8b d2 49 8b d8
=>0x00007ffc7e4b46b6:   48 8b 0c d0 4c 8d 0c d0 48 85 c9 74 26 4c 8b 41
  0x00007ffc7e4b46c6:   10 4d 85 c0 74 1d 8b 41 20 49 8d 14 c0 48 39 7a
  0x00007ffc7e4b46d6:   f8 48 8d 52 f8 75 f6 ff c8 89 41 20 49 8b 0c c0
  0x00007ffc7e4b46e6:   48 89 0a 49 89 19 48 85 db 74 25 48 83 7b 10 00
  0x00007ffc7e4b46f6:   74 1e 8b 53 20 3b 53 24 75 08 48 8b cb e8 b8 b9
  0x00007ffc7e4b4706:   68 00 8b 4b 20 48 8b 43 10 48 89 3c c8 ff 43 20
  0x00007ffc7e4b4716:   8b 0d a0 30 cb 00 65 48 8b 04 25 58 00 00 00 ba
  0x00007ffc7e4b4726:   48 00 00 00 48 8b 04 c8 80 3c 02 00 75 05 e8 2f
  0x00007ffc7e4b4736:   33 8f 00 48 8b 5c 24 30 48 83 c4 20 5f c3 cc cc
  0x00007ffc7e4b4746:   cc cc cc cc cc cc cc cc cc cc 48 8b 41 08 45 33
  0x00007ffc7e4b4756:   c9 4c 8b da 4c 8b 50 08 8b 41 2c 25 ff 03 00 00
  0x00007ffc7e4b4766:   3d 00 02 00 00 75 3a 4d 63 c0 41 8b d1 48 8b 41
  0x00007ffc7e4b4776:   08 4c 39 50 08 75 3a 48 8b 40 18 41 ff c1 49 89
  0x00007ffc7e4b4786:   04 d3 48 ff c2 49 3b d0 74 27 48 8b 41 08 48 8b
  0x00007ffc7e4b4796:   48 10 8b 41 2c 25 ff 03 00 00 3d 00 02 00 00 74
  0x00007ffc7e4b47a6:   cc b8 ff ff ff ff 49 3b ca 44 0f 45 c8 41 8b c1


Stack slot to memory mapping:

stack at sp + 0 slots: 0x0000000000000010 is an unknown value
stack at sp + 1 slots: 0x000000c8e93fbf60 is pointing into the stack for thread: 0x0000021aaa25f660
stack at sp + 2 slots: 0x0000021aaf049680 points into unknown readable memory: 0x00007ffc7eef03b8 | b8 03 ef 7e fc 7f 00 00
stack at sp + 3 slots: 0x0000021aaf04b010 points into unknown readable memory: 0x00007ffc7ee5e900 | 00 e9 e5 7e fc 7f 00 00
stack at sp + 4 slots: 0x0000021aaf04b010 points into unknown readable memory: 0x00007ffc7ee5e900 | 00 e9 e5 7e fc 7f 00 00
stack at sp + 5 slots: 0x00007ffc7ea912ac jvm.dll
stack at sp + 6 slots: 0x0000000000000001 is an unknown value
stack at sp + 7 slots: 0x0000000000000002 is an unknown value

Lock stack of current Java thread (top to bottom):


---------------  P R O C E S S  ---------------

Threads class SMR info:
_java_thread_list=0x0000021aaab919e0, length=96, elements={
0x0000021aff3edc00, 0x0000021aff4a0a90, 0x0000021aff4a1250, 0x0000021aff4ac5d0,
0x0000021afefcf130, 0x0000021aff4adb60, 0x0000021aff4ae320, 0x0000021aff400ee0,
0x0000021aff3fe690, 0x0000021aa91c22a0, 0x0000021aa936ea30, 0x0000021aa9c8b610,
0x0000021aa9a49ac0, 0x0000021aa9a4a280, 0x0000021aaa2a2820, 0x0000021aa9ca2ee0,
0x0000021aaa40c600, 0x0000021aa9ac0e80, 0x0000021aa9ac06b0, 0x0000021aaa2aeb10,
0x0000021aaa5ce340, 0x0000021aaa5cf2e0, 0x0000021aaa5d0280, 0x0000021aaa5d0a50,
0x0000021aaa5cd3a0, 0x0000021aaa5d1220, 0x0000021aaa5cdb70, 0x0000021aaa5d3160,
0x0000021aaa5d48d0, 0x0000021aaa5d19f0, 0x0000021aaa5d21c0, 0x0000021aab238f60,
0x0000021aab237020, 0x0000021aab236080, 0x0000021aab239f00, 0x0000021aab23aea0,
0x0000021aab23b670, 0x0000021aab23cde0, 0x0000021aacb653a0, 0x0000021aacb66340,
0x0000021aacb63c30, 0x0000021aacb67ab0, 0x0000021aacb6a1c0, 0x0000021aacb68280,
0x0000021aacb69220, 0x0000021aacc94400, 0x0000021aacc92c90, 0x0000021aacc93c30,
0x0000021aacc953a0, 0x0000021aacc91cf0, 0x0000021aacc924c0, 0x0000021aacc96340,
0x0000021aacc99220, 0x0000021aacc8b450, 0x0000021aacc8db60, 0x0000021aacc8eb00,
0x0000021aacc90270, 0x0000021aac83aa30, 0x0000021aac837380, 0x0000021aac83c970,
0x0000021aac83a260, 0x0000021aac83c1a0, 0x0000021aae6b39b0, 0x0000021aae6b0ad0,
0x0000021aae6b2240, 0x0000021aae6b4180, 0x0000021aae6b31e0, 0x0000021aae7b72b0,
0x0000021aae7b8250, 0x0000021aae7bc8a0, 0x0000021aae7be7e0, 0x0000021aae7bd840,
0x0000021abca8dae0, 0x0000021abca8ea80, 0x0000021abca8bba0, 0x0000021abca92900,
0x0000021abca91960, 0x0000021abca99e30, 0x0000021abcaa78f0, 0x0000021abcaaa000,
0x0000021aae6a66c0, 0x0000021aae6a5ef0, 0x0000021aae6afb30, 0x0000021aac832560,
0x0000021aab844620, 0x0000021aab845d90, 0x0000021aab849440, 0x0000021aab842eb0,
0x0000021aab846d30, 0x0000021aab84da90, 0x0000021aad420e40, 0x0000021aad420630,
0x0000021aaa25f660, 0x0000021aad714470, 0x0000021aa9dd6450, 0x0000021aa9ddace0
}

Java Threads: ( => current thread )
  0x0000021aff3edc00 JavaThread "main"                              [_thread_blocked, id=50640, stack(0x000000c8e2d00000,0x000000c8e2e00000) (1024K)]
  0x0000021aff4a0a90 JavaThread "Reference Handler"          daemon [_thread_blocked, id=54160, stack(0x000000c8e3100000,0x000000c8e3200000) (1024K)]
  0x0000021aff4a1250 JavaThread "Finalizer"                  daemon [_thread_blocked, id=55216, stack(0x000000c8e3200000,0x000000c8e3300000) (1024K)]
  0x0000021aff4ac5d0 JavaThread "Signal Dispatcher"          daemon [_thread_blocked, id=54204, stack(0x000000c8e3300000,0x000000c8e3400000) (1024K)]
  0x0000021afefcf130 JavaThread "Attach Listener"            daemon [_thread_blocked, id=54320, stack(0x000000c8e3400000,0x000000c8e3500000) (1024K)]
  0x0000021aff4adb60 JavaThread "Service Thread"             daemon [_thread_blocked, id=54520, stack(0x000000c8e3500000,0x000000c8e3600000) (1024K)]
  0x0000021aff4ae320 JavaThread "Monitor Deflation Thread"   daemon [_thread_blocked, id=54516, stack(0x000000c8e3600000,0x000000c8e3700000) (1024K)]
  0x0000021aff400ee0 JavaThread "C2 CompilerThread0"         daemon [_thread_in_native, id=54372, stack(0x000000c8e3700000,0x000000c8e3800000) (1024K)]
  0x0000021aff3fe690 JavaThread "C1 CompilerThread0"         daemon [_thread_blocked, id=54412, stack(0x000000c8e3800000,0x000000c8e3900000) (1024K)]
  0x0000021aa91c22a0 JavaThread "Common-Cleaner"             daemon [_thread_blocked, id=54212, stack(0x000000c8e3d00000,0x000000c8e3e00000) (1024K)]
  0x0000021aa936ea30 JavaThread "Notification Thread"        daemon [_thread_blocked, id=38172, stack(0x000000c8e3f00000,0x000000c8e4000000) (1024K)]
  0x0000021aa9c8b610 JavaThread "Active Thread: Equinox Container: 9dc17abb-0f17-4409-add2-43ce7e6dbfa8"        [_thread_blocked, id=49012, stack(0x000000c8e4500000,0x000000c8e4600000) (1024K)]
  0x0000021aa9a49ac0 JavaThread "Framework Event Dispatcher: Equinox Container: 9dc17abb-0f17-4409-add2-43ce7e6dbfa8" daemon [_thread_blocked, id=19828, stack(0x000000c8e4700000,0x000000c8e4800000) (1024K)]
  0x0000021aa9a4a280 JavaThread "Start Level: Equinox Container: 9dc17abb-0f17-4409-add2-43ce7e6dbfa8" daemon [_thread_blocked, id=51164, stack(0x000000c8e4800000,0x000000c8e4900000) (1024K)]
  0x0000021aaa2a2820 JavaThread "Bundle File Closer"         daemon [_thread_blocked, id=45356, stack(0x000000c8e4a00000,0x000000c8e4b00000) (1024K)]
  0x0000021aa9ca2ee0 JavaThread "SCR Component Actor"        daemon [_thread_blocked, id=30908, stack(0x000000c8e4b00000,0x000000c8e4c00000) (1024K)]
  0x0000021aaa40c600 JavaThread "Worker-JM"                         [_thread_blocked, id=48184, stack(0x000000c8e4c00000,0x000000c8e4d00000) (1024K)]
  0x0000021aa9ac0e80 JavaThread "JNA Cleaner"                daemon [_thread_blocked, id=53412, stack(0x000000c8e4f00000,0x000000c8e5000000) (1024K)]
  0x0000021aa9ac06b0 JavaThread "Worker-1"                          [_thread_blocked, id=33152, stack(0x000000c8e5100000,0x000000c8e5200000) (1024K)]
  0x0000021aaa2aeb10 JavaThread "Java indexing"              daemon [_thread_blocked, id=48032, stack(0x000000c8e5700000,0x000000c8e5800000) (1024K)]
  0x0000021aaa5ce340 JavaThread "Worker-3"                          [_thread_blocked, id=54336, stack(0x000000c8e5e00000,0x000000c8e5f00000) (1024K)]
  0x0000021aaa5cf2e0 JavaThread "InnocuousThread-1"          daemon [_thread_in_native, id=2200, stack(0x000000c8e5f00000,0x000000c8e6000000) (1024K)]
  0x0000021aaa5d0280 JavaThread "InnocuousThread-2"          daemon [_thread_in_native, id=53676, stack(0x000000c8e6000000,0x000000c8e6100000) (1024K)]
  0x0000021aaa5d0a50 JavaThread "InnocuousThread-3"          daemon [_thread_in_native, id=44520, stack(0x000000c8e6100000,0x000000c8e6200000) (1024K)]
  0x0000021aaa5cd3a0 JavaThread "InnocuousThread-4"          daemon [_thread_in_native, id=54644, stack(0x000000c8e6200000,0x000000c8e6300000) (1024K)]
  0x0000021aaa5d1220 JavaThread "InnocuousThread-5"          daemon [_thread_in_native, id=54308, stack(0x000000c8e6300000,0x000000c8e6400000) (1024K)]
  0x0000021aaa5cdb70 JavaThread "InnocuousThread-6"          daemon [_thread_in_native, id=51292, stack(0x000000c8e6400000,0x000000c8e6500000) (1024K)]
  0x0000021aaa5d3160 JavaThread "InnocuousThread-7"          daemon [_thread_in_native, id=18496, stack(0x000000c8e6500000,0x000000c8e6600000) (1024K)]
  0x0000021aaa5d48d0 JavaThread "InnocuousThread-8"          daemon [_thread_in_native, id=31832, stack(0x000000c8e6600000,0x000000c8e6700000) (1024K)]
  0x0000021aaa5d19f0 JavaThread "InnocuousThread-9"          daemon [_thread_in_native, id=54536, stack(0x000000c8e6700000,0x000000c8e6800000) (1024K)]
  0x0000021aaa5d21c0 JavaThread "InnocuousThread-10"         daemon [_thread_in_native, id=49980, stack(0x000000c8e6800000,0x000000c8e6900000) (1024K)]
  0x0000021aab238f60 JavaThread "InnocuousThread-11"         daemon [_thread_in_native, id=54512, stack(0x000000c8e6900000,0x000000c8e6a00000) (1024K)]
  0x0000021aab237020 JavaThread "InnocuousThread-12"         daemon [_thread_in_native, id=50896, stack(0x000000c8e6a00000,0x000000c8e6b00000) (1024K)]
  0x0000021aab236080 JavaThread "InnocuousThread-13"         daemon [_thread_in_native, id=35684, stack(0x000000c8e6b00000,0x000000c8e6c00000) (1024K)]
  0x0000021aab239f00 JavaThread "InnocuousThread-14"         daemon [_thread_in_native, id=44140, stack(0x000000c8e6c00000,0x000000c8e6d00000) (1024K)]
  0x0000021aab23aea0 JavaThread "InnocuousThread-15"         daemon [_thread_in_native, id=35332, stack(0x000000c8e6d00000,0x000000c8e6e00000) (1024K)]
  0x0000021aab23b670 JavaThread "InnocuousThread-16"         daemon [_thread_in_native, id=46680, stack(0x000000c8e6e00000,0x000000c8e6f00000) (1024K)]
  0x0000021aab23cde0 JavaThread "InnocuousThread-17"         daemon [_thread_in_native, id=37536, stack(0x000000c8e6f00000,0x000000c8e7000000) (1024K)]
  0x0000021aacb653a0 JavaThread "InnocuousThread-18"         daemon [_thread_in_native, id=27676, stack(0x000000c8e7000000,0x000000c8e7100000) (1024K)]
  0x0000021aacb66340 JavaThread "InnocuousThread-19"         daemon [_thread_in_native, id=34412, stack(0x000000c8e7100000,0x000000c8e7200000) (1024K)]
  0x0000021aacb63c30 JavaThread "InnocuousThread-20"         daemon [_thread_in_native, id=34096, stack(0x000000c8e7200000,0x000000c8e7300000) (1024K)]
  0x0000021aacb67ab0 JavaThread "InnocuousThread-21"         daemon [_thread_in_native, id=38792, stack(0x000000c8e7300000,0x000000c8e7400000) (1024K)]
  0x0000021aacb6a1c0 JavaThread "InnocuousThread-22"         daemon [_thread_in_native, id=31020, stack(0x000000c8e7400000,0x000000c8e7500000) (1024K)]
  0x0000021aacb68280 JavaThread "InnocuousThread-23"         daemon [_thread_in_native, id=54196, stack(0x000000c8e7500000,0x000000c8e7600000) (1024K)]
  0x0000021aacb69220 JavaThread "InnocuousThread-24"         daemon [_thread_in_native, id=37460, stack(0x000000c8e7600000,0x000000c8e7700000) (1024K)]
  0x0000021aacc94400 JavaThread "InnocuousThread-25"         daemon [_thread_in_native, id=36504, stack(0x000000c8e7700000,0x000000c8e7800000) (1024K)]
  0x0000021aacc92c90 JavaThread "InnocuousThread-26"         daemon [_thread_in_native, id=28212, stack(0x000000c8e7800000,0x000000c8e7900000) (1024K)]
  0x0000021aacc93c30 JavaThread "InnocuousThread-27"         daemon [_thread_in_native, id=52440, stack(0x000000c8e7900000,0x000000c8e7a00000) (1024K)]
  0x0000021aacc953a0 JavaThread "InnocuousThread-28"         daemon [_thread_in_native, id=47292, stack(0x000000c8e7a00000,0x000000c8e7b00000) (1024K)]
  0x0000021aacc91cf0 JavaThread "InnocuousThread-29"         daemon [_thread_in_native, id=52264, stack(0x000000c8e7b00000,0x000000c8e7c00000) (1024K)]
  0x0000021aacc924c0 JavaThread "InnocuousThread-30"         daemon [_thread_in_native, id=49756, stack(0x000000c8e7c00000,0x000000c8e7d00000) (1024K)]
  0x0000021aacc96340 JavaThread "InnocuousThread-31"         daemon [_thread_in_native, id=50552, stack(0x000000c8e7d00000,0x000000c8e7e00000) (1024K)]
  0x0000021aacc99220 JavaThread "InnocuousThread-32"         daemon [_thread_in_native, id=31596, stack(0x000000c8e7e00000,0x000000c8e7f00000) (1024K)]
  0x0000021aacc8b450 JavaThread "InnocuousThread-33"         daemon [_thread_in_native, id=53776, stack(0x000000c8e7f00000,0x000000c8e8000000) (1024K)]
  0x0000021aacc8db60 JavaThread "pool-2-thread-1"                   [_thread_blocked, id=26676, stack(0x000000c8e8300000,0x000000c8e8400000) (1024K)]
  0x0000021aacc8eb00 JavaThread "WorkspaceEventsHandler"            [_thread_blocked, id=18844, stack(0x000000c8e8500000,0x000000c8e8600000) (1024K)]
  0x0000021aacc90270 JavaThread "pool-1-thread-1"                   [_thread_blocked, id=35716, stack(0x000000c8e8600000,0x000000c8e8700000) (1024K)]
  0x0000021aac83aa30 JavaThread "ForkJoinPool.commonPool-worker-1" daemon [_thread_blocked, id=51972, stack(0x000000c8e8e00000,0x000000c8e8f00000) (1024K)]
  0x0000021aac837380 JavaThread "ForkJoinPool.commonPool-worker-2" daemon [_thread_in_native, id=53720, stack(0x000000c8e8f00000,0x000000c8e9000000) (1024K)]
  0x0000021aac83c970 JavaThread "ForkJoinPool.commonPool-worker-3" daemon [_thread_blocked, id=53596, stack(0x000000c8e9000000,0x000000c8e9100000) (1024K)]
  0x0000021aac83a260 JavaThread "ForkJoinPool.commonPool-worker-4" daemon [_thread_blocked, id=33088, stack(0x000000c8e9100000,0x000000c8e9200000) (1024K)]
  0x0000021aac83c1a0 JavaThread "ForkJoinPool.commonPool-worker-5" daemon [_thread_blocked, id=51548, stack(0x000000c8e9200000,0x000000c8e9300000) (1024K)]
  0x0000021aae6b39b0 JavaThread "Compiler Source File Reader" daemon [_thread_blocked, id=53688, stack(0x000000c8eb200000,0x000000c8eb300000) (1024K)]
  0x0000021aae6b0ad0 JavaThread "Compiler Source File Reader" daemon [_thread_blocked, id=56148, stack(0x000000c8eb300000,0x000000c8eb400000) (1024K)]
  0x0000021aae6b2240 JavaThread "Compiler Source File Reader" daemon [_thread_blocked, id=55300, stack(0x000000c8eb400000,0x000000c8eb500000) (1024K)]
  0x0000021aae6b4180 JavaThread "Compiler Source File Reader" daemon [_thread_blocked, id=55304, stack(0x000000c8eb600000,0x000000c8eb700000) (1024K)]
  0x0000021aae6b31e0 JavaThread "Compiler Source File Reader" daemon [_thread_blocked, id=19656, stack(0x000000c8eb800000,0x000000c8eb900000) (1024K)]
  0x0000021aae7b72b0 JavaThread "Compiler Source File Reader" daemon [_thread_blocked, id=55588, stack(0x000000c8eb900000,0x000000c8eba00000) (1024K)]
  0x0000021aae7b8250 JavaThread "Compiler Source File Reader" daemon [_thread_blocked, id=55432, stack(0x000000c8ebb00000,0x000000c8ebc00000) (1024K)]
  0x0000021aae7bc8a0 JavaThread "Compiler Source File Reader" daemon [_thread_blocked, id=56292, stack(0x000000c8ebe00000,0x000000c8ebf00000) (1024K)]
  0x0000021aae7be7e0 JavaThread "Compiler Source File Reader" daemon [_thread_blocked, id=55312, stack(0x000000c8ebf00000,0x000000c8ec000000) (1024K)]
  0x0000021aae7bd840 JavaThread "Compiler Source File Reader" daemon [_thread_blocked, id=55308, stack(0x000000c8ec000000,0x000000c8ec100000) (1024K)]
  0x0000021abca8dae0 JavaThread "ForkJoinPool.commonPool-worker-6" daemon [_thread_blocked, id=55828, stack(0x000000c8ee400000,0x000000c8ee500000) (1024K)]
  0x0000021abca8ea80 JavaThread "ForkJoinPool.commonPool-worker-7" daemon [_thread_blocked, id=55940, stack(0x000000c8ee500000,0x000000c8ee600000) (1024K)]
  0x0000021abca8bba0 JavaThread "ForkJoinPool.commonPool-worker-8" daemon [_thread_in_native, id=55892, stack(0x000000c8ee600000,0x000000c8ee700000) (1024K)]
  0x0000021abca92900 JavaThread "ForkJoinPool.commonPool-worker-9" daemon [_thread_blocked, id=56248, stack(0x000000c8ee700000,0x000000c8ee800000) (1024K)]
  0x0000021abca91960 JavaThread "Cleaner-0"                  daemon [_thread_blocked, id=56208, stack(0x000000c8ee800000,0x000000c8ee900000) (1024K)]
  0x0000021abca99e30 JavaThread "Worker-5"                          [_thread_blocked, id=42664, stack(0x000000c8e2c00000,0x000000c8e2d00000) (1024K)]
  0x0000021abcaa78f0 JavaThread "Java Debug Server"          daemon [_thread_in_native, id=54976, stack(0x000000c8e2a00000,0x000000c8e2b00000) (1024K)]
  0x0000021abcaaa000 JavaThread "RxSchedulerPurge-1"         daemon [_thread_blocked, id=56088, stack(0x000000c8e3900000,0x000000c8e3a00000) (1024K)]
  0x0000021aae6a66c0 JavaThread "RxCachedWorkerPoolEvictor-1" daemon [_thread_blocked, id=10588, stack(0x000000c8e3a00000,0x000000c8e3b00000) (1024K)]
  0x0000021aae6a5ef0 JavaThread "Compiler Processing Task"   daemon [_thread_blocked, id=43708, stack(0x000000c8e3b00000,0x000000c8e3c00000) (1024K)]
  0x0000021aae6afb30 JavaThread "Worker-6"                          [_thread_blocked, id=56232, stack(0x000000c8e4400000,0x000000c8e4500000) (1024K)]
  0x0000021aac832560 JavaThread "Compiler Source File Reader" daemon [_thread_blocked, id=50736, stack(0x000000c8e2b00000,0x000000c8e2c00000) (1024K)]
  0x0000021aab844620 JavaThread "Compiler Source File Reader" daemon [_thread_blocked, id=10312, stack(0x000000c8e3c00000,0x000000c8e3d00000) (1024K)]
  0x0000021aab845d90 JavaThread "Compiler Source File Reader" daemon [_thread_blocked, id=55536, stack(0x000000c8e5800000,0x000000c8e5900000) (1024K)]
  0x0000021aab849440 JavaThread "Compiler Source File Reader" daemon [_thread_blocked, id=53276, stack(0x000000c8e5a00000,0x000000c8e5b00000) (1024K)]
  0x0000021aab842eb0 JavaThread "Compiler Source File Reader" daemon [_thread_blocked, id=53140, stack(0x000000c8e5900000,0x000000c8e5a00000) (1024K)]
  0x0000021aab846d30 JavaThread "pool-3-thread-2"                   [_thread_blocked, id=56220, stack(0x000000c8e3e00000,0x000000c8e3f00000) (1024K)]
  0x0000021aab84da90 JavaThread "process reaper"             daemon [_thread_blocked, id=38952, stack(0x000000c8e27c0000,0x000000c8e27e0000) (128K)]
  0x0000021aad420e40 JavaThread "C1 CompilerThread1"         daemon [_thread_blocked, id=53164, stack(0x000000c8e4000000,0x000000c8e4100000) (1024K)]
  0x0000021aad420630 JavaThread "C2 CompilerThread1"         daemon [_thread_blocked, id=16544, stack(0x000000c8e5000000,0x000000c8e5100000) (1024K)]
=>0x0000021aaa25f660 JavaThread "C2 CompilerThread2"         daemon [_thread_in_native, id=17136, stack(0x000000c8e9300000,0x000000c8e9400000) (1024K)]
  0x0000021aad714470 JavaThread "C2 CompilerThread3"         daemon [_thread_blocked, id=53668, stack(0x000000c8e9400000,0x000000c8e9500000) (1024K)]
  0x0000021aa9dd6450 JavaThread "C1 CompilerThread2"         daemon [_thread_blocked, id=52804, stack(0x000000c8e9500000,0x000000c8e9600000) (1024K)]
  0x0000021aa9ddace0 JavaThread "C1 CompilerThread3"         daemon [_thread_blocked, id=43320, stack(0x000000c8e9600000,0x000000c8e9700000) (1024K)]
Total: 96

Other Threads:
  0x0000021aff48f400 VMThread "VM Thread"                           [id=53756, stack(0x000000c8e3000000,0x000000c8e3100000) (1024K)]
  0x0000021aff413580 WatcherThread "VM Periodic Task Thread"        [id=12664, stack(0x000000c8e2f00000,0x000000c8e3000000) (1024K)]
  0x0000021aff40c190 WorkerThread "GC Thread#0"                     [id=50344, stack(0x000000c8e2e00000,0x000000c8e2f00000) (1024K)]
  0x0000021aa9880080 WorkerThread "GC Thread#1"                     [id=54700, stack(0x000000c8e4100000,0x000000c8e4200000) (1024K)]
  0x0000021aa987bae0 WorkerThread "GC Thread#2"                     [id=46708, stack(0x000000c8e4200000,0x000000c8e4300000) (1024K)]
  0x0000021aa9bdf400 WorkerThread "GC Thread#3"                     [id=54792, stack(0x000000c8e4300000,0x000000c8e4400000) (1024K)]
  0x0000021aa9c110b0 WorkerThread "GC Thread#4"                     [id=9868, stack(0x000000c8e4600000,0x000000c8e4700000) (1024K)]
  0x0000021aa9b4ec40 WorkerThread "GC Thread#5"                     [id=40532, stack(0x000000c8e4900000,0x000000c8e4a00000) (1024K)]
  0x0000021aa9b4d6b0 WorkerThread "GC Thread#6"                     [id=34576, stack(0x000000c8e4d00000,0x000000c8e4e00000) (1024K)]
  0x0000021aa9b4db00 WorkerThread "GC Thread#7"                     [id=40672, stack(0x000000c8e4e00000,0x000000c8e4f00000) (1024K)]
  0x0000021aaa324550 WorkerThread "GC Thread#8"                     [id=53468, stack(0x000000c8e5200000,0x000000c8e5300000) (1024K)]
  0x0000021aaa323860 WorkerThread "GC Thread#9"                     [id=55088, stack(0x000000c8e5300000,0x000000c8e5400000) (1024K)]
  0x0000021aaa322b70 WorkerThread "GC Thread#10"                    [id=46340, stack(0x000000c8e5400000,0x000000c8e5500000) (1024K)]
  0x0000021aaa325690 WorkerThread "GC Thread#11"                    [id=45648, stack(0x000000c8e5500000,0x000000c8e5600000) (1024K)]
  0x0000021aaa324100 WorkerThread "GC Thread#12"                    [id=53736, stack(0x000000c8e5600000,0x000000c8e5700000) (1024K)]
  0x0000021aaa326c20 WorkerThread "GC Thread#13"                    [id=54608, stack(0x000000c8e5b00000,0x000000c8e5c00000) (1024K)]
  0x0000021aaa327070 WorkerThread "GC Thread#14"                    [id=44940, stack(0x000000c8e5c00000,0x000000c8e5d00000) (1024K)]
  0x0000021aaa323410 WorkerThread "GC Thread#15"                    [id=55096, stack(0x000000c8e5d00000,0x000000c8e5e00000) (1024K)]
  0x0000021aaa3281b0 WorkerThread "GC Thread#16"                    [id=42112, stack(0x000000c8e8400000,0x000000c8e8500000) (1024K)]
  0x0000021aaa327910 WorkerThread "GC Thread#17"                    [id=49388, stack(0x000000c8e8700000,0x000000c8e8800000) (1024K)]
  0x0000021aaa328600 WorkerThread "GC Thread#18"                    [id=53456, stack(0x000000c8e8800000,0x000000c8e8900000) (1024K)]
  0x0000021aaa328a50 WorkerThread "GC Thread#19"                    [id=50100, stack(0x000000c8e8900000,0x000000c8e8a00000) (1024K)]
  0x0000021aad507a20 WorkerThread "GC Thread#20"                    [id=36140, stack(0x000000c8e8b00000,0x000000c8e8c00000) (1024K)]
  0x0000021aad508fb0 WorkerThread "GC Thread#21"                    [id=52304, stack(0x000000c8e8c00000,0x000000c8e8d00000) (1024K)]
  0x0000021aad5075d0 WorkerThread "GC Thread#22"                    [id=55124, stack(0x000000c8e8d00000,0x000000c8e8e00000) (1024K)]
Total: 25

Threads with active compile tasks:
C2 CompilerThread2  443145 20607       4       sun.security.ec.ECOperations::setDouble (463 bytes)
Total: 1

VM state: not at safepoint (normal execution)

VM Mutex/Monitor currently owned by a thread: None

Heap address: 0x0000000600000000, size: 8192 MB, Compressed Oops mode: Zero based, Oop shift amount: 3

CDS archive(s) mapped at: [0x0000000022000000-0x0000000022dd0000-0x0000000022dd0000), size 14483456, SharedBaseAddress: 0x0000000022000000, ArchiveRelocationMode: 1.
Compressed class space mapped at: 0x0000000023000000-0x0000000063000000, reserved size: 1073741824
UseCompressedClassPointers 1, UseCompactObjectHeaders 0
Narrow klass pointer bits 32, Max shift 3
Narrow klass base: 0x0000000022000000, Narrow klass shift: 0
Encoding Range: [0x0000000022000000 - 0x0000000122000000), (4294967296 bytes)
Klass Range:    [0x0000000022010000 - 0x0000000063000000), (1090453504 bytes)
Klass ID Range:  [65536 - 1090519033) (1090453497)
Protection zone: [0x0000000022000000 - 0x0000000022010000), (65536 bytes)

GC Precious Log:
 CardTable entry size: 512
 CPUs: 32 total, 32 available
 Memory: 16088M
 Large Page Support: Disabled
 NUMA Support: Disabled
 Compressed Oops: Enabled (Zero based)
 Alignments: Space 512K, Generation 512K, Heap 2M
 Heap Min Capacity: 100M
 Heap Initial Capacity: 100M
 Heap Max Capacity: 8G
 Pre-touch: Disabled
 Parallel Workers: 23

Heap:
 PSYoungGen      total 27648K, used 16605K [0x0000000755580000, 0x0000000757e80000, 0x0000000800000000)
  eden space 26112K, 57% used [0x0000000755580000,0x000000075643f6a0,0x0000000756f00000)
  from space 1536K, 97% used [0x0000000757500000,0x0000000757678060,0x0000000757680000)
  to   space 6144K, 0% used [0x0000000756f00000,0x0000000756f00000,0x0000000757500000)
 ParOldGen       total 104960K, used 87525K [0x0000000600000000, 0x0000000606680000, 0x0000000755580000)
  object space 104960K, 83% used [0x0000000600000000,0x0000000605579440,0x0000000606680000)

Card table byte_map: [0x0000021a977c0000,0x0000021a987c0000] _byte_map_base: 0x0000021a947c0000

Marking Bits: (ParMarkBitMap*) 0x00007ffc7f13e9c0
 Begin Bits: [0x0000021a987c0000, 0x0000021aa07c0000)

Polling page: 0x0000021afce60000

Metaspace:
Metaspace        used 84810K, committed 86272K, reserved 1179648K
 class space     used 7640K, committed 8256K, reserved 1048576K

Usage:
  Non-class:     75.36 MB used.
      Class:      7.46 MB used.
       Both:     82.82 MB used.

Virtual space:
  Non-class space:      128.00 MB reserved,      76.19 MB ( 60%) committed,  2 nodes.
      Class space:        1.00 GB reserved,       8.06 MB ( <1%) committed,  1 nodes.
             Both:        1.12 GB reserved,      84.25 MB (  7%) committed. 

Chunk freelists:
   Non-Class:  3.00 MB
       Class:  7.75 MB
        Both:  10.75 MB

MaxMetaspaceSize: unlimited
CompressedClassSpaceSize: 1.00 GB
Initial GC threshold: 21.00 MB
Current GC threshold: 130.31 MB
CDS: on
 - commit_granule_bytes: 65536.
 - commit_granule_words: 8192.
 - virtual_space_node_default_size: 8388608.
 - enlarge_chunks_in_place: 1.
UseCompressedClassPointers 1, UseCompactObjectHeaders 0
Narrow klass pointer bits 32, Max shift 3
Narrow klass base: 0x0000000022000000, Narrow klass shift: 0
Encoding Range: [0x0000000022000000 - 0x0000000122000000), (4294967296 bytes)
Klass Range:    [0x0000000022010000 - 0x0000000063000000), (1090453504 bytes)
Klass ID Range:  [65536 - 1090519033) (1090453497)
Protection zone: [0x0000000022000000 - 0x0000000022010000), (65536 bytes)


Internal statistics:

num_allocs_failed_limit: 9.
num_arena_births: 1174.
num_arena_deaths: 14.
num_vsnodes_births: 3.
num_vsnodes_deaths: 0.
num_space_committed: 1348.
num_space_uncommitted: 0.
num_chunks_returned_to_freelist: 23.
num_chunks_taken_from_freelist: 4989.
num_chunk_merges: 14.
num_chunk_splits: 3112.
num_chunks_enlarged: 1899.
num_inconsistent_stats: 0.

CodeHeap 'non-profiled nmethods': size=118912Kb used=14209Kb max_used=14209Kb free=104702Kb
 bounds [0x0000021a903a0000, 0x0000021a91190000, 0x0000021a977c0000]
CodeHeap 'profiled nmethods': size=118848Kb used=37864Kb max_used=37864Kb free=80984Kb
 bounds [0x0000021a887c0000, 0x0000021a8acc0000, 0x0000021a8fbd0000]
CodeHeap 'non-nmethods': size=8000Kb used=3294Kb max_used=3921Kb free=4705Kb
 bounds [0x0000021a8fbd0000, 0x0000021a8ffb0000, 0x0000021a903a0000]
CodeCache: size=245760Kb, used=55367Kb, max_used=55994Kb, free=190391Kb
 total_blobs=19881, nmethods=19005, adapters=770, full_count=0
Compilation: enabled, stopped_count=0, restarted_count=0

Compilation events (20 events):
Event: 443.058 Thread 0x0000021aff400ee0 20591       4       sun.security.util.math.intpoly.IntegerPolynomial$MutableElement::setSquare (52 bytes)
Event: 443.059 Thread 0x0000021aad420630 nmethod 20590 0x0000021a9116fd88 code [0x0000021a9116fe80, 0x0000021a911700f0]
Event: 443.059 Thread 0x0000021aad420630 20602       4       sun.security.util.math.intpoly.IntegerPolynomial$MutableElement::setSquare (5 bytes)
Event: 443.059 Thread 0x0000021aff400ee0 nmethod 20591 0x0000021a91170108 code [0x0000021a91170200, 0x0000021a911703c0]
Event: 443.059 Thread 0x0000021aff400ee0 20592       4       sun.security.util.math.intpoly.MontgomeryIntegerPolynomialP256::square (8 bytes)
Event: 443.059 Thread 0x0000021aff400ee0 nmethod 20592 0x0000021a91170408 code [0x0000021a91170500, 0x0000021a911705a8]
Event: 443.059 Thread 0x0000021aad420630 nmethod 20602 0x0000021a91170708 code [0x0000021a91170800, 0x0000021a911709c0]
Event: 443.060 Thread 0x0000021aaa25f660 nmethod 20576 0x0000021a91170a08 code [0x0000021a91170b00, 0x0000021a91171b58]
Event: 443.061 Thread 0x0000021aad714470 nmethod 20586 0x0000021a91171b88 code [0x0000021a91171c80, 0x0000021a91172050]
Event: 443.061 Thread 0x0000021aff3fe690 20603       3       sun.security.util.ArrayUtil::swap (15 bytes)
Event: 443.061 Thread 0x0000021aff3fe690 nmethod 20603 0x0000021a8ac66708 code [0x0000021a8ac66800, 0x0000021a8ac66940]
Event: 443.062 Thread 0x0000021aad714470 20604       4       sun.security.ec.ECOperations$PointMultiplier::lookup (84 bytes)
Event: 443.062 Thread 0x0000021aff3fe690 20605       3       sun.security.util.math.intpoly.MontgomeryIntegerPolynomialP256::get0 (5 bytes)
Event: 443.062 Thread 0x0000021aad420e40 20606       3       sun.security.util.math.intpoly.MontgomeryIntegerPolynomialP256::get0 (13 bytes)
Event: 443.062 Thread 0x0000021aff3fe690 nmethod 20605 0x0000021a8ac66a08 code [0x0000021a8ac66b00, 0x0000021a8ac66cb8]
Event: 443.062 Thread 0x0000021aad420e40 nmethod 20606 0x0000021a8ac66d08 code [0x0000021a8ac66e00, 0x0000021a8ac671a8]
Event: 443.062 Thread 0x0000021aaa25f660 20607       4       sun.security.ec.ECOperations::setDouble (463 bytes)
Event: 443.069 Thread 0x0000021aad420e40 20608       3       sun.security.ec.ECOperations$Secp256R1GeneratorMontgomeryMultiplier::bit (13 bytes)
Event: 443.069 Thread 0x0000021aad420e40 nmethod 20608 0x0000021a8ac67208 code [0x0000021a8ac67300, 0x0000021a8ac67420]
Event: 443.071 Thread 0x0000021aad714470 nmethod 20604 0x0000021a91172088 code [0x0000021a91172180, 0x0000021a91172aa8]

GC Heap Usage History (20 events):
Event: 378.680 {heap Before GC invocations=91 (full 4):
 PSYoungGen      total 32768K, used 32416K [0x0000000755580000, 0x0000000757780000, 0x0000000800000000)
  eden space 30720K, 100% used [0x0000000755580000,0x0000000757380000,0x0000000757380000)
  from space 2048K, 82% used [0x0000000757580000,0x0000000757728020,0x0000000757780000)
  to   space 2048K, 0% used [0x0000000757380000,0x0000000757380000,0x0000000757580000)
 ParOldGen       total 104960K, used 74287K [0x0000000600000000, 0x0000000606680000, 0x00000007555800Event: 378.681 {heap After GC invocations=91 (full 4):
 PSYoungGen      total 31744K, used 1520K [0x0000000755580000, 0x0000000757700000, 0x0000000800000000)
  eden space 30208K, 0% used [0x0000000755580000,0x0000000755580000,0x0000000757300000)
  from space 1536K, 98% used [0x0000000757380000,0x00000007574fc030,0x0000000757500000)
  to   space 2048K, 0% used [0x0000000757500000,0x0000000757500000,0x0000000757700000)
 ParOldGen       total 104960K, used 75702K [0x0000000600000000, 0x0000000606680000, 0x0000000755580000)
Event: 379.063 {heap Before GC invocations=92 (full 4):
 PSYoungGen      total 31744K, used 31728K [0x0000000755580000, 0x0000000757700000, 0x0000000800000000)
  eden space 30208K, 100% used [0x0000000755580000,0x0000000757300000,0x0000000757300000)
  from space 1536K, 98% used [0x0000000757380000,0x00000007574fc030,0x0000000757500000)
  to   space 2048K, 0% used [0x0000000757500000,0x0000000757500000,0x0000000757700000)
 ParOldGen       total 104960K, used 75702K [0x0000000600000000, 0x0000000606680000, 0x00000007555800Event: 379.064 {heap After GC invocations=92 (full 4):
 PSYoungGen      total 32256K, used 1584K [0x0000000755580000, 0x0000000757700000, 0x0000000800000000)
  eden space 30208K, 0% used [0x0000000755580000,0x0000000755580000,0x0000000757300000)
  from space 2048K, 77% used [0x0000000757500000,0x000000075768c030,0x0000000757700000)
  to   space 2048K, 0% used [0x0000000757300000,0x0000000757300000,0x0000000757500000)
 ParOldGen       total 104960K, used 75838K [0x0000000600000000, 0x0000000606680000, 0x0000000755580000)
Event: 380.205 {heap Before GC invocations=93 (full 4):
 PSYoungGen      total 32256K, used 31792K [0x0000000755580000, 0x0000000757700000, 0x0000000800000000)
  eden space 30208K, 100% used [0x0000000755580000,0x0000000757300000,0x0000000757300000)
  from space 2048K, 77% used [0x0000000757500000,0x000000075768c030,0x0000000757700000)
  to   space 2048K, 0% used [0x0000000757300000,0x0000000757300000,0x0000000757500000)
 ParOldGen       total 104960K, used 75838K [0x0000000600000000, 0x0000000606680000, 0x00000007555800Event: 380.206 {heap After GC invocations=93 (full 4):
 PSYoungGen      total 32256K, used 928K [0x0000000755580000, 0x0000000757680000, 0x0000000800000000)
  eden space 30208K, 0% used [0x0000000755580000,0x0000000755580000,0x0000000757300000)
  from space 2048K, 45% used [0x0000000757300000,0x00000007573e8020,0x0000000757500000)
  to   space 1536K, 0% used [0x0000000757500000,0x0000000757500000,0x0000000757680000)
 ParOldGen       total 104960K, used 77076K [0x0000000600000000, 0x0000000606680000, 0x0000000755580000)
 Event: 385.924 {heap Before GC invocations=94 (full 4):
 PSYoungGen      total 32256K, used 31136K [0x0000000755580000, 0x0000000757680000, 0x0000000800000000)
  eden space 30208K, 100% used [0x0000000755580000,0x0000000757300000,0x0000000757300000)
  from space 2048K, 45% used [0x0000000757300000,0x00000007573e8020,0x0000000757500000)
  to   space 1536K, 0% used [0x0000000757500000,0x0000000757500000,0x0000000757680000)
 ParOldGen       total 104960K, used 77076K [0x0000000600000000, 0x0000000606680000, 0x00000007555800Event: 385.925 {heap After GC invocations=94 (full 4):
 PSYoungGen      total 32768K, used 960K [0x0000000755580000, 0x0000000757680000, 0x0000000800000000)
  eden space 31232K, 0% used [0x0000000755580000,0x0000000755580000,0x0000000757400000)
  from space 1536K, 62% used [0x0000000757500000,0x00000007575f0020,0x0000000757680000)
  to   space 1024K, 0% used [0x0000000757400000,0x0000000757400000,0x0000000757500000)
 ParOldGen       total 104960K, used 77196K [0x0000000600000000, 0x0000000606680000, 0x0000000755580000)
 Event: 390.891 {heap Before GC invocations=95 (full 4):
 PSYoungGen      total 32768K, used 32192K [0x0000000755580000, 0x0000000757680000, 0x0000000800000000)
  eden space 31232K, 100% used [0x0000000755580000,0x0000000757400000,0x0000000757400000)
  from space 1536K, 62% used [0x0000000757500000,0x00000007575f0020,0x0000000757680000)
  to   space 1024K, 0% used [0x0000000757400000,0x0000000757400000,0x0000000757500000)
 ParOldGen       total 104960K, used 77196K [0x0000000600000000, 0x0000000606680000, 0x00000007555800Event: 390.893 {heap After GC invocations=95 (full 4):
 PSYoungGen      total 31744K, used 1008K [0x0000000755580000, 0x0000000757a80000, 0x0000000800000000)
  eden space 30720K, 0% used [0x0000000755580000,0x0000000755580000,0x0000000757380000)
  from space 1024K, 98% used [0x0000000757400000,0x00000007574fc030,0x0000000757500000)
  to   space 3584K, 0% used [0x0000000757700000,0x0000000757700000,0x0000000757a80000)
 ParOldGen       total 104960K, used 79189K [0x0000000600000000, 0x0000000606680000, 0x0000000755580000)
Event: 401.818 {heap Before GC invocations=96 (full 4):
 PSYoungGen      total 31744K, used 31728K [0x0000000755580000, 0x0000000757a80000, 0x0000000800000000)
  eden space 30720K, 100% used [0x0000000755580000,0x0000000757380000,0x0000000757380000)
  from space 1024K, 98% used [0x0000000757400000,0x00000007574fc030,0x0000000757500000)
  to   space 3584K, 0% used [0x0000000757700000,0x0000000757700000,0x0000000757a80000)
 ParOldGen       total 104960K, used 79189K [0x0000000600000000, 0x0000000606680000, 0x00000007555800Event: 401.820 {heap After GC invocations=96 (full 4):
 PSYoungGen      total 32256K, used 1776K [0x0000000755580000, 0x0000000757900000, 0x0000000800000000)
  eden space 30208K, 0% used [0x0000000755580000,0x0000000755580000,0x0000000757300000)
  from space 2048K, 86% used [0x0000000757700000,0x00000007578bc030,0x0000000757900000)
  to   space 2560K, 0% used [0x0000000757400000,0x0000000757400000,0x0000000757680000)
 ParOldGen       total 104960K, used 80230K [0x0000000600000000, 0x0000000606680000, 0x0000000755580000)
Event: 417.536 {heap Before GC invocations=97 (full 4):
 PSYoungGen      total 32256K, used 31984K [0x0000000755580000, 0x0000000757900000, 0x0000000800000000)
  eden space 30208K, 100% used [0x0000000755580000,0x0000000757300000,0x0000000757300000)
  from space 2048K, 86% used [0x0000000757700000,0x00000007578bc030,0x0000000757900000)
  to   space 2560K, 0% used [0x0000000757400000,0x0000000757400000,0x0000000757680000)
 ParOldGen       total 104960K, used 80230K [0x0000000600000000, 0x0000000606680000, 0x00000007555800Event: 417.538 {heap After GC invocations=97 (full 4):
 PSYoungGen      total 33280K, used 1968K [0x0000000755580000, 0x0000000757780000, 0x0000000800000000)
  eden space 31232K, 0% used [0x0000000755580000,0x0000000755580000,0x0000000757400000)
  from space 2048K, 96% used [0x0000000757400000,0x00000007575ec030,0x0000000757600000)
  to   space 1536K, 0% used [0x0000000757600000,0x0000000757600000,0x0000000757780000)
 ParOldGen       total 104960K, used 81670K [0x0000000600000000, 0x0000000606680000, 0x0000000755580000)
Event: 418.797 {heap Before GC invocations=98 (full 4):
 PSYoungGen      total 33280K, used 33200K [0x0000000755580000, 0x0000000757780000, 0x0000000800000000)
  eden space 31232K, 100% used [0x0000000755580000,0x0000000757400000,0x0000000757400000)
  from space 2048K, 96% used [0x0000000757400000,0x00000007575ec030,0x0000000757600000)
  to   space 1536K, 0% used [0x0000000757600000,0x0000000757600000,0x0000000757780000)
 ParOldGen       total 104960K, used 81670K [0x0000000600000000, 0x0000000606680000, 0x00000007555800Event: 418.799 {heap After GC invocations=98 (full 4):
 PSYoungGen      total 31744K, used 1504K [0x0000000755580000, 0x0000000757980000, 0x0000000800000000)
  eden space 30208K, 0% used [0x0000000755580000,0x0000000755580000,0x0000000757300000)
  from space 1536K, 97% used [0x0000000757600000,0x0000000757778040,0x0000000757780000)
  to   space 3072K, 0% used [0x0000000757300000,0x0000000757300000,0x0000000757600000)
 ParOldGen       total 104960K, used 82765K [0x0000000600000000, 0x0000000606680000, 0x0000000755580000)
Event: 422.365 {heap Before GC invocations=99 (full 4):
 PSYoungGen      total 31744K, used 31712K [0x0000000755580000, 0x0000000757980000, 0x0000000800000000)
  eden space 30208K, 100% used [0x0000000755580000,0x0000000757300000,0x0000000757300000)
  from space 1536K, 97% used [0x0000000757600000,0x0000000757778040,0x0000000757780000)
  to   space 3072K, 0% used [0x0000000757300000,0x0000000757300000,0x0000000757600000)
 ParOldGen       total 104960K, used 82765K [0x0000000600000000, 0x0000000606680000, 0x00000007555800Event: 422.366 {heap After GC invocations=99 (full 4):
 PSYoungGen      total 31232K, used 800K [0x0000000755580000, 0x0000000757680000, 0x0000000800000000)
  eden space 30208K, 0% used [0x0000000755580000,0x0000000755580000,0x0000000757300000)
  from space 1024K, 78% used [0x0000000757300000,0x00000007573c8020,0x0000000757400000)
  to   space 1536K, 0% used [0x0000000757500000,0x0000000757500000,0x0000000757680000)
 ParOldGen       total 104960K, used 84035K [0x0000000600000000, 0x0000000606680000, 0x0000000755580000)
 Event: 443.021 {heap Before GC invocations=100 (full 4):
 PSYoungGen      total 31232K, used 30993K [0x0000000755580000, 0x0000000757680000, 0x0000000800000000)
  eden space 30208K, 99% used [0x0000000755580000,0x00000007572fc468,0x0000000757300000)
  from space 1024K, 78% used [0x0000000757300000,0x00000007573c8020,0x0000000757400000)
  to   space 1536K, 0% used [0x0000000757500000,0x0000000757500000,0x0000000757680000)
 ParOldGen       total 104960K, used 84035K [0x0000000600000000, 0x0000000606680000, 0x00000007555800Event: 443.023 {heap After GC invocations=100 (full 4):
 PSYoungGen      total 27648K, used 1504K [0x0000000755580000, 0x0000000757e80000, 0x0000000800000000)
  eden space 26112K, 0% used [0x0000000755580000,0x0000000755580000,0x0000000756f00000)
  from space 1536K, 97% used [0x0000000757500000,0x0000000757678060,0x0000000757680000)
  to   space 6144K, 0% used [0x0000000756f00000,0x0000000756f00000,0x0000000757500000)
 ParOldGen       total 104960K, used 87525K [0x0000000600000000, 0x0000000606680000, 0x0000000755580000)
Metaspace Usage History (20 events):
Event: 378.680 {metaspace Before GC invocations=91 (full 4):
 Metaspace       used 79706K, committed 81152K, reserved 1179648K
  class space    used 7144K, committed 7744K, reserved 1048576K
}
Event: 378.681 {metaspace After GC invocations=91 (full 4):
 Metaspace       used 79706K, committed 81152K, reserved 1179648K
  class space    used 7144K, committed 7744K, reserved 1048576K
}
Event: 379.063 {metaspace Before GC invocations=92 (full 4):
 Metaspace       used 79727K, committed 81152K, reserved 1179648K
  class space    used 7144K, committed 7744K, reserved 1048576K
}
Event: 379.064 {metaspace After GC invocations=92 (full 4):
 Metaspace       used 79727K, committed 81152K, reserved 1179648K
  class space    used 7144K, committed 7744K, reserved 1048576K
}
Event: 380.205 {metaspace Before GC invocations=93 (full 4):
 Metaspace       used 79735K, committed 81216K, reserved 1179648K
  class space    used 7144K, committed 7744K, reserved 1048576K
}
Event: 380.206 {metaspace After GC invocations=93 (full 4):
 Metaspace       used 79735K, committed 81216K, reserved 1179648K
  class space    used 7144K, committed 7744K, reserved 1048576K
}
Event: 385.924 {metaspace Before GC invocations=94 (full 4):
 Metaspace       used 79752K, committed 81216K, reserved 1179648K
  class space    used 7145K, committed 7744K, reserved 1048576K
}
Event: 385.925 {metaspace After GC invocations=94 (full 4):
 Metaspace       used 79752K, committed 81216K, reserved 1179648K
  class space    used 7145K, committed 7744K, reserved 1048576K
}
Event: 390.891 {metaspace Before GC invocations=95 (full 4):
 Metaspace       used 79762K, committed 81216K, reserved 1179648K
  class space    used 7145K, committed 7744K, reserved 1048576K
}
Event: 390.893 {metaspace After GC invocations=95 (full 4):
 Metaspace       used 79762K, committed 81216K, reserved 1179648K
  class space    used 7145K, committed 7744K, reserved 1048576K
}
Event: 401.818 {metaspace Before GC invocations=96 (full 4):
 Metaspace       used 80027K, committed 81536K, reserved 1179648K
  class space    used 7183K, committed 7808K, reserved 1048576K
}
Event: 401.820 {metaspace After GC invocations=96 (full 4):
 Metaspace       used 80027K, committed 81536K, reserved 1179648K
  class space    used 7183K, committed 7808K, reserved 1048576K
}
Event: 417.536 {metaspace Before GC invocations=97 (full 4):
 Metaspace       used 80038K, committed 81536K, reserved 1179648K
  class space    used 7183K, committed 7808K, reserved 1048576K
}
Event: 417.538 {metaspace After GC invocations=97 (full 4):
 Metaspace       used 80038K, committed 81536K, reserved 1179648K
  class space    used 7183K, committed 7808K, reserved 1048576K
}
Event: 418.797 {metaspace Before GC invocations=98 (full 4):
 Metaspace       used 80150K, committed 81664K, reserved 1179648K
  class space    used 7188K, committed 7808K, reserved 1048576K
}
Event: 418.799 {metaspace After GC invocations=98 (full 4):
 Metaspace       used 80150K, committed 81664K, reserved 1179648K
  class space    used 7188K, committed 7808K, reserved 1048576K
}
Event: 422.365 {metaspace Before GC invocations=99 (full 4):
 Metaspace       used 80194K, committed 81664K, reserved 1179648K
  class space    used 7188K, committed 7808K, reserved 1048576K
}
Event: 422.366 {metaspace After GC invocations=99 (full 4):
 Metaspace       used 80194K, committed 81664K, reserved 1179648K
  class space    used 7188K, committed 7808K, reserved 1048576K
}
Event: 443.021 {metaspace Before GC invocations=100 (full 4):
 Metaspace       used 82776K, committed 84288K, reserved 1179648K
  class space    used 7404K, committed 8064K, reserved 1048576K
}
Event: 443.023 {metaspace After GC invocations=100 (full 4):
 Metaspace       used 82776K, committed 84288K, reserved 1179648K
  class space    used 7404K, committed 8064K, reserved 1048576K
}

Dll operation events (12 events):
Event: 0.007 Loaded shared library C:\Users\bondu\Softwares\Java\jdk-25\bin\java.dll
Event: 0.050 Loaded shared library C:\Users\bondu\Softwares\Java\jdk-25\bin\zip.dll
Event: 0.052 Loaded shared library C:\Users\bondu\Softwares\Java\jdk-25\bin\instrument.dll
Event: 0.054 Loaded shared library C:\Users\bondu\Softwares\Java\jdk-25\bin\net.dll
Event: 0.055 Loaded shared library C:\Users\bondu\Softwares\Java\jdk-25\bin\nio.dll
Event: 0.057 Loaded shared library C:\Users\bondu\Softwares\Java\jdk-25\bin\zip.dll
Event: 0.068 Loaded shared library C:\Users\bondu\Softwares\Java\jdk-25\bin\jimage.dll
Event: 0.132 Loaded shared library C:\Users\bondu\Softwares\Java\jdk-25\bin\verify.dll
Event: 0.749 Loaded shared library C:\Users\bondu\AppData\Roaming\Code\User\globalStorage\redhat.java\1.50.0\config_win\org.eclipse.equinox.launcher\org.eclipse.equinox.launcher.win32.win32.x86_64_1.2.1400.v20250801-0854\eclipse_11916.dll
Event: 1.452 Loaded shared library C:\Users\bondu\AppData\Local\Temp\jna-93920786\jna888597720736058416.dll
Event: 184.409 Loaded shared library C:\Users\bondu\Softwares\Java\jdk-25\bin\extnet.dll
Event: 442.892 Loaded shared library C:\Users\bondu\Softwares\Java\jdk-25\bin\sunmscapi.dll

Deoptimization events (20 events):
Event: 443.040 Thread 0x0000021aac837380 DEOPT PACKING pc=0x0000021a90f880a4 sp=0x000000c8e8ffd470
Event: 443.040 Thread 0x0000021aac837380 DEOPT UNPACKING pc=0x0000021a8fce6982 sp=0x000000c8e8ffd3e8 mode 2
Event: 443.040 Thread 0x0000021aac837380 Uncommon trap: trap_request=0xffffffde fr.pc=0x0000021a90f880a4 relative=0x00000000000000a4
Event: 443.040 Thread 0x0000021aac837380 Uncommon trap: reason=class_check action=maybe_recompile pc=0x0000021a90f880a4 method=java.util.LinkedList.indexOf(Ljava/lang/Object;)I @ 52 c2
Event: 443.040 Thread 0x0000021aac837380 DEOPT PACKING pc=0x0000021a90f880a4 sp=0x000000c8e8ffd470
Event: 443.040 Thread 0x0000021aac837380 DEOPT UNPACKING pc=0x0000021a8fce6982 sp=0x000000c8e8ffd3e8 mode 2
Event: 443.055 Thread 0x0000021aac837380 DEOPT PACKING pc=0x0000021a8ac53ece sp=0x000000c8e8ffcaf0
Event: 443.055 Thread 0x0000021aac837380 DEOPT UNPACKING pc=0x0000021a8fc21402 sp=0x000000c8e8ffbf18 mode 0
Event: 443.055 Thread 0x0000021aac837380 DEOPT PACKING pc=0x0000021a8ac53ece sp=0x000000c8e8ffcaf0
Event: 443.055 Thread 0x0000021aac837380 DEOPT UNPACKING pc=0x0000021a8fc21402 sp=0x000000c8e8ffbf18 mode 0
Event: 443.056 Thread 0x0000021aac837380 DEOPT PACKING pc=0x0000021a8ac53ece sp=0x000000c8e8ffcaf0
Event: 443.056 Thread 0x0000021aac837380 DEOPT UNPACKING pc=0x0000021a8fc21402 sp=0x000000c8e8ffbf18 mode 0
Event: 443.056 Thread 0x0000021aac837380 DEOPT PACKING pc=0x0000021a8ac53ece sp=0x000000c8e8ffcaf0
Event: 443.056 Thread 0x0000021aac837380 DEOPT UNPACKING pc=0x0000021a8fc21402 sp=0x000000c8e8ffbf18 mode 0
Event: 443.057 Thread 0x0000021aac837380 DEOPT PACKING pc=0x0000021a8ac53ece sp=0x000000c8e8ffcaf0
Event: 443.057 Thread 0x0000021aac837380 DEOPT UNPACKING pc=0x0000021a8fc21402 sp=0x000000c8e8ffbf18 mode 0
Event: 443.057 Thread 0x0000021aac837380 DEOPT PACKING pc=0x0000021a8ac53ece sp=0x000000c8e8ffcaf0
Event: 443.057 Thread 0x0000021aac837380 DEOPT UNPACKING pc=0x0000021a8fc21402 sp=0x000000c8e8ffbf18 mode 0
Event: 443.057 Thread 0x0000021aac837380 DEOPT PACKING pc=0x0000021a8ac53ece sp=0x000000c8e8ffcaf0
Event: 443.057 Thread 0x0000021aac837380 DEOPT UNPACKING pc=0x0000021a8fc21402 sp=0x000000c8e8ffbf18 mode 0

Classes loaded (20 events):
Event: 443.047 Loading class sun/security/util/ArrayUtil
Event: 443.047 Loading class sun/security/util/ArrayUtil done
Event: 443.048 Loading class sun/security/ec/ECOperations$Secp256R1GeneratorMontgomeryMultiplier
Event: 443.048 Loading class sun/security/ec/ECOperations$PointMultiplier
Event: 443.048 Loading class sun/security/ec/ECOperations$PointMultiplier done
Event: 443.048 Loading class sun/security/ec/ECOperations$Secp256R1GeneratorMontgomeryMultiplier done
Event: 443.048 Loading class sun/security/ec/ECOperations$DefaultMultiplier
Event: 443.048 Loading class sun/security/ec/ECOperations$DefaultMultiplier done
Event: 443.048 Loading class sun/security/ec/point/ProjectivePoint$Mutable
Event: 443.048 Loading class sun/security/ec/point/MutablePoint
Event: 443.048 Loading class sun/security/ec/point/MutablePoint done
Event: 443.048 Loading class sun/security/ec/point/ProjectivePoint$Mutable done
Event: 443.069 Loading class sun/security/util/math/IntegerModuloP$MultiplicativeInverser$Secp256R1
Event: 443.069 Loading class sun/security/util/math/IntegerModuloP$MultiplicativeInverser$Secp256R1 done
Event: 443.069 Loading class sun/security/ssl/KeyShareExtension$CHKeyShareSpec
Event: 443.069 Loading class sun/security/ssl/KeyShareExtension$CHKeyShareSpec done
Event: 443.070 Loading class sun/security/ssl/OutputRecord$T13PaddingHolder
Event: 443.070 Loading class sun/security/ssl/OutputRecord$T13PaddingHolder done
Event: 443.070 Loading class sun/security/ssl/ContentType
Event: 443.070 Loading class sun/security/ssl/ContentType done

Classes unloaded (7 events):
Event: 1.786 Thread 0x0000021aff48f400 Unloading class 0x0000000023183c00 'java/lang/invoke/LambdaForm$MH+0x0000000023183c00'
Event: 1.786 Thread 0x0000021aff48f400 Unloading class 0x0000000023183800 'java/lang/invoke/LambdaForm$MH+0x0000000023183800'
Event: 1.786 Thread 0x0000021aff48f400 Unloading class 0x0000000023183400 'java/lang/invoke/LambdaForm$MH+0x0000000023183400'
Event: 1.786 Thread 0x0000021aff48f400 Unloading class 0x0000000023183000 'java/lang/invoke/LambdaForm$MH+0x0000000023183000'
Event: 1.786 Thread 0x0000021aff48f400 Unloading class 0x0000000023182c00 'java/lang/invoke/LambdaForm$BMH+0x0000000023182c00'
Event: 1.786 Thread 0x0000021aff48f400 Unloading class 0x0000000023182800 'java/lang/invoke/LambdaForm$DMH+0x0000000023182800'
Event: 1.786 Thread 0x0000021aff48f400 Unloading class 0x0000000023181000 'java/lang/invoke/LambdaForm$DMH+0x0000000023181000'

Classes redefined (0 events):
No events

Internal exceptions (20 events):
Event: 385.485 Thread 0x0000021aaa2aeb10 Exception <a 'sun/nio/fs/WindowsException'{0x0000000755dcd6d8}> (0x0000000755dcd6d8) 
thrown [s\open\src\hotspot\share\prims\jni.cpp, line 516]
Event: 385.487 Thread 0x0000021aaa2aeb10 Exception <a 'sun/nio/fs/WindowsException'{0x0000000755e7daf8}> (0x0000000755e7daf8) 
thrown [s\open\src\hotspot\share\prims\jni.cpp, line 516]
Event: 387.906 Thread 0x0000021aac837380 Implicit null exception at 0x0000021a90e0862d to 0x0000021a90e08924
Event: 417.385 Thread 0x0000021aaa2aeb10 Exception <a 'sun/nio/fs/WindowsException'{0x0000000756998cb0}> (0x0000000756998cb0) 
thrown [s\open\src\hotspot\share\prims\jni.cpp, line 516]
Event: 417.387 Thread 0x0000021aaa2aeb10 Exception <a 'sun/nio/fs/WindowsException'{0x00000007569b12a8}> (0x00000007569b12a8) 
thrown [s\open\src\hotspot\share\prims\jni.cpp, line 516]
Event: 421.929 Thread 0x0000021aaa2aeb10 Exception <a 'sun/nio/fs/WindowsException'{0x0000000756834cd8}> (0x0000000756834cd8) 
thrown [s\open\src\hotspot\share\prims\jni.cpp, line 516]
Event: 421.931 Thread 0x0000021aaa2aeb10 Exception <a 'sun/nio/fs/WindowsException'{0x000000075684d3a0}> (0x000000075684d3a0) 
thrown [s\open\src\hotspot\share\prims\jni.cpp, line 516]
Event: 422.882 Thread 0x0000021aac837380 Exception <a 'sun/nio/fs/WindowsException'{0x00000007556ef6e0}> (0x00000007556ef6e0) 
thrown [s\open\src\hotspot\share\prims\jni.cpp, line 516]
Event: 422.882 Thread 0x0000021aac837380 Exception <a 'sun/nio/fs/WindowsException'{0x00000007556efd50}> (0x00000007556efd50) 
thrown [s\open\src\hotspot\share\prims\jni.cpp, line 516]
Event: 422.882 Thread 0x0000021aac837380 Exception <a 'sun/nio/fs/WindowsException'{0x00000007556f0a78}> (0x00000007556f0a78) 
thrown [s\open\src\hotspot\share\prims\jni.cpp, line 516]
Event: 422.882 Thread 0x0000021aac837380 Exception <a 'sun/nio/fs/WindowsException'{0x00000007556f10e8}> (0x00000007556f10e8) 
thrown [s\open\src\hotspot\share\prims\jni.cpp, line 516]
Event: 422.883 Thread 0x0000021aac837380 Exception <a 'sun/nio/fs/WindowsException'{0x00000007556f3548}> (0x00000007556f3548) 
thrown [s\open\src\hotspot\share\prims\jni.cpp, line 516]
Event: 422.883 Thread 0x0000021aac837380 Exception <a 'sun/nio/fs/WindowsException'{0x00000007556f3bb8}> (0x00000007556f3bb8) 
thrown [s\open\src\hotspot\share\prims\jni.cpp, line 516]
Event: 422.883 Thread 0x0000021aac837380 Exception <a 'sun/nio/fs/WindowsException'{0x00000007556f48b8}> (0x00000007556f48b8) 
thrown [s\open\src\hotspot\share\prims\jni.cpp, line 516]
Event: 422.883 Thread 0x0000021aac837380 Exception <a 'sun/nio/fs/WindowsException'{0x00000007556f4f28}> (0x00000007556f4f28) 
thrown [s\open\src\hotspot\share\prims\jni.cpp, line 516]
Event: 422.897 Thread 0x0000021aab8484a0 Exception <a 'sun/nio/fs/WindowsException'{0x00000007557e5e80}> (0x00000007557e5e80) 
thrown [s\open\src\hotspot\share\prims\jni.cpp, line 516]
Event: 422.897 Thread 0x0000021aab8484a0 Exception <a 'sun/nio/fs/WindowsException'{0x00000007557e64f8}> (0x00000007557e64f8) 
thrown [s\open\src\hotspot\share\prims\jni.cpp, line 516]
Event: 442.852 Thread 0x0000021aac837380 Exception <a 'sun/nio/fs/WindowsException'{0x00000007562e4e40}> (0x00000007562e4e40) 
thrown [s\open\src\hotspot\share\prims\jni.cpp, line 516]
Event: 442.881 Thread 0x0000021aac837380 Implicit null exception at 0x0000021a906fd2b6 to 0x0000021a906fdc70
Event: 442.881 Thread 0x0000021aac837380 Implicit null exception at 0x0000021a905ea5bb to 0x0000021a905eb114

VM Operations (20 events):
Event: 420.904 Executing non-safepoint VM operation: HandshakeAllThreads (HandshakeForDeflation)
Event: 420.904 Executing non-safepoint VM operation: HandshakeAllThreads (HandshakeForDeflation) done
Event: 420.904 Executing non-safepoint VM operation: RendezvousGCThreads
Event: 420.904 Executing non-safepoint VM operation: RendezvousGCThreads done
Event: 422.365 Executing safepoint VM operation: ParallelCollectForAllocation (Allocation Failure)
Event: 422.366 Executing safepoint VM operation: ParallelCollectForAllocation (Allocation Failure) done
Event: 442.847 Executing non-safepoint VM operation: HandshakeAllThreads (Deoptimize)
Event: 442.847 Executing non-safepoint VM operation: HandshakeAllThreads (Deoptimize) done
Event: 442.854 Executing non-safepoint VM operation: HandshakeAllThreads (Deoptimize)
Event: 442.854 Executing non-safepoint VM operation: HandshakeAllThreads (Deoptimize) done
Event: 442.867 Executing non-safepoint VM operation: HandshakeAllThreads (Deoptimize)
Event: 442.868 Executing non-safepoint VM operation: HandshakeAllThreads (Deoptimize) done
Event: 442.895 Executing non-safepoint VM operation: HandshakeAllThreads (Deoptimize)
Event: 442.895 Executing non-safepoint VM operation: HandshakeAllThreads (Deoptimize) done
Event: 442.901 Executing non-safepoint VM operation: HandshakeAllThreads (Deoptimize)
Event: 442.901 Executing non-safepoint VM operation: HandshakeAllThreads (Deoptimize) done
Event: 443.021 Executing safepoint VM operation: ParallelCollectForAllocation (Allocation Failure)
Event: 443.023 Executing safepoint VM operation: ParallelCollectForAllocation (Allocation Failure) done
Event: 443.032 Executing non-safepoint VM operation: HandshakeAllThreads (Deoptimize)
Event: 443.032 Executing non-safepoint VM operation: HandshakeAllThreads (Deoptimize) done

Memory protections (0 events):
No events

Nmethod flushes (20 events):
Event: 239.478 Thread 0x0000021aff48f400 flushing  nmethod 0x0000021a89704108
Event: 239.478 Thread 0x0000021aff48f400 flushing  nmethod 0x0000021a89704a08
Event: 239.478 Thread 0x0000021aff48f400 flushing  nmethod 0x0000021a89705288
Event: 239.478 Thread 0x0000021aff48f400 flushing  nmethod 0x0000021a8972c408
Event: 239.478 Thread 0x0000021aff48f400 flushing  nmethod 0x0000021a8972d788
Event: 239.478 Thread 0x0000021aff48f400 flushing  nmethod 0x0000021a89740288
Event: 239.478 Thread 0x0000021aff48f400 flushing  nmethod 0x0000021a89753f08
Event: 239.478 Thread 0x0000021aff48f400 flushing  nmethod 0x0000021a8975c308
Event: 239.478 Thread 0x0000021aff48f400 flushing  nmethod 0x0000021a89762708
Event: 239.478 Thread 0x0000021aff48f400 flushing  nmethod 0x0000021a89793888
Event: 239.478 Thread 0x0000021aff48f400 flushing  nmethod 0x0000021a89793c08
Event: 239.478 Thread 0x0000021aff48f400 flushing  nmethod 0x0000021a8979db08
Event: 239.478 Thread 0x0000021aff48f400 flushing  nmethod 0x0000021a897a6688
Event: 239.478 Thread 0x0000021aff48f400 flushing  nmethod 0x0000021a897b3688
Event: 239.478 Thread 0x0000021aff48f400 flushing  nmethod 0x0000021a897d4f88
Event: 239.478 Thread 0x0000021aff48f400 flushing  nmethod 0x0000021a897dab88
Event: 239.478 Thread 0x0000021aff48f400 flushing  nmethod 0x0000021a898aca88
Event: 239.478 Thread 0x0000021aff48f400 flushing  nmethod 0x0000021a898ad888
Event: 239.478 Thread 0x0000021aff48f400 flushing  nmethod 0x0000021a898b2608
Event: 239.478 Thread 0x0000021aff48f400 flushing  nmethod 0x0000021a898ebb08

Events (20 events):
Event: 385.587 Thread 0x0000021aa9ac06b0 Thread added: 0x0000021aab842eb0
Event: 385.927 Thread 0x0000021aff3fe690 Thread added: 0x0000021abdf717c0
Event: 386.280 Thread 0x0000021aab036a90 Thread exited: 0x0000021aab036a90
Event: 387.901 Thread 0x0000021abdf717c0 Thread exited: 0x0000021abdf717c0
Event: 417.816 Thread 0x0000021aff3fe690 Thread added: 0x0000021aa9dd8490
Event: 417.816 Thread 0x0000021aff3fe690 Thread added: 0x0000021aa9dd8ca0
Event: 420.361 Thread 0x0000021aa9dd8ca0 Thread exited: 0x0000021aa9dd8ca0
Event: 420.536 Thread 0x0000021aa9dd8490 Thread exited: 0x0000021aa9dd8490
Event: 422.890 Thread 0x0000021abcaa78f0 Thread added: 0x0000021aab846d30
Event: 422.894 Thread 0x0000021aab846d30 Thread added: 0x0000021aab8484a0
Event: 422.898 Thread 0x0000021aab8484a0 Thread added: 0x0000021aab84ea30
Event: 422.901 Thread 0x0000021aab846d30 Thread added: 0x0000021aab84c320
Event: 422.901 Thread 0x0000021aab84ea30 Thread exited: 0x0000021aab84ea30
Event: 423.672 Thread 0x0000021aab84c320 Thread added: 0x0000021aab84da90
Event: 423.672 Thread 0x0000021aab84c320 Thread exited: 0x0000021aab84c320
Event: 439.989 Thread 0x0000021aab8484a0 Thread exited: 0x0000021aab8484a0
Event: 442.863 Thread 0x0000021aff3fe690 Thread added: 0x0000021aad420e40
Event: 442.876 Thread 0x0000021aff3fe690 Thread added: 0x0000021aad420630
Event: 443.051 Thread 0x0000021aad420e40 Thread added: 0x0000021aaa25f660
Event: 443.053 Thread 0x0000021aff3fe690 Thread added: 0x0000021aad714470


Dynamic libraries:
0x00007ff6fec70000 - 0x00007ff6fec80000 	C:\Users\bondu\Softwares\Java\jdk-25\bin\java.exe
0x00007ffd30a60000 - 0x00007ffd30cc7000 	C:\WINDOWS\SYSTEM32\ntdll.dll
0x00007ffd2f940000 - 0x00007ffd2fa09000 	C:\WINDOWS\System32\KERNEL32.DLL
0x00007ffd2dbb0000 - 0x00007ffd2df9f000 	C:\WINDOWS\System32\KERNELBASE.dll
0x00007ffd2dfb0000 - 0x00007ffd2e0fb000 	C:\WINDOWS\System32\ucrtbase.dll
0x00007ffd19690000 - 0x00007ffd196ae000 	C:\Users\bondu\Softwares\Java\jdk-25\bin\VCRUNTIME140.dll
0x00007ffd1ab70000 - 0x00007ffd1ab87000 	C:\Users\bondu\Softwares\Java\jdk-25\bin\jli.dll
0x00007ffd2f680000 - 0x00007ffd2f845000 	C:\WINDOWS\System32\USER32.dll
0x00007ffd03100000 - 0x00007ffd03393000 	C:\WINDOWS\WinSxS\amd64_microsoft.windows.common-controls_6595b64144ccf1df_6.0.26100.7309_none_3e05feeae336a044\COMCTL32.dll
0x00007ffd2e740000 - 0x00007ffd2e767000 	C:\WINDOWS\System32\win32u.dll
0x00007ffd2fea0000 - 0x00007ffd2ff49000 	C:\WINDOWS\System32\msvcrt.dll
0x00007ffd2f910000 - 0x00007ffd2f93b000 	C:\WINDOWS\System32\GDI32.dll
0x00007ffd2e1b0000 - 0x00007ffd2e2dc000 	C:\WINDOWS\System32\gdi32full.dll
0x00007ffd2e510000 - 0x00007ffd2e5b3000 	C:\WINDOWS\System32\msvcp_win.dll
0x00007ffd2f1b0000 - 0x00007ffd2f1e1000 	C:\WINDOWS\System32\IMM32.DLL
0x00007ffd25cb0000 - 0x00007ffd25cbc000 	C:\Users\bondu\Softwares\Java\jdk-25\bin\vcruntime140_1.dll
0x00007ffd01460000 - 0x00007ffd014ed000 	C:\Users\bondu\Softwares\Java\jdk-25\bin\msvcp140.dll
0x00007ffc7e3c0000 - 0x00007ffc7f21f000 	C:\Users\bondu\Softwares\Java\jdk-25\bin\server\jvm.dll
0x00007ffd2f850000 - 0x00007ffd2f904000 	C:\WINDOWS\System32\ADVAPI32.dll
0x00007ffd308f0000 - 0x00007ffd30996000 	C:\WINDOWS\System32\sechost.dll
0x00007ffd2e880000 - 0x00007ffd2e998000 	C:\WINDOWS\System32\RPCRT4.dll
0x00007ffd2e800000 - 0x00007ffd2e874000 	C:\WINDOWS\System32\WS2_32.dll
0x00007ffd21060000 - 0x00007ffd21095000 	C:\WINDOWS\SYSTEM32\WINMM.dll
0x00007ffd23e10000 - 0x00007ffd23e1b000 	C:\WINDOWS\SYSTEM32\VERSION.dll
0x00007ffd2c7c0000 - 0x00007ffd2c81e000 	C:\WINDOWS\SYSTEM32\POWRPROF.dll
0x00007ffd2c7a0000 - 0x00007ffd2c7b4000 	C:\WINDOWS\SYSTEM32\UMPDC.dll
0x00007ffd2ca80000 - 0x00007ffd2ca9b000 	C:\WINDOWS\SYSTEM32\kernel.appcore.dll
0x00007ffd24d40000 - 0x00007ffd24d4a000 	C:\Users\bondu\Softwares\Java\jdk-25\bin\jimage.dll
0x00007ffd2b180000 - 0x00007ffd2b3c2000 	C:\WINDOWS\SYSTEM32\DBGHELP.DLL
0x00007ffd2f1f0000 - 0x00007ffd2f575000 	C:\WINDOWS\System32\combase.dll
0x00007ffd2fdc0000 - 0x00007ffd2fe96000 	C:\WINDOWS\System32\OLEAUT32.dll
0x00007ffcfec30000 - 0x00007ffcfec6c000 	C:\WINDOWS\SYSTEM32\dbgcore.DLL
0x00007ffd2e100000 - 0x00007ffd2e1a5000 	C:\WINDOWS\System32\bcryptPrimitives.dll
0x00007ffd23c80000 - 0x00007ffd23c90000 	C:\Users\bondu\Softwares\Java\jdk-25\bin\instrument.dll
0x00007ffd193a0000 - 0x00007ffd193bf000 	C:\Users\bondu\Softwares\Java\jdk-25\bin\java.dll
0x00007ffd2fab0000 - 0x00007ffd2fc47000 	C:\WINDOWS\System32\ole32.dll
0x00007ffd2e9a0000 - 0x00007ffd2f0f3000 	C:\WINDOWS\System32\SHELL32.dll
0x00007ffd2e3a0000 - 0x00007ffd2e50a000 	C:\WINDOWS\System32\wintypes.dll
0x00007ffd2b7d0000 - 0x00007ffd2c02e000 	C:\WINDOWS\SYSTEM32\windows.storage.dll
0x00007ffd2f580000 - 0x00007ffd2f675000 	C:\WINDOWS\System32\SHCORE.dll
0x00007ffd309a0000 - 0x00007ffd30a06000 	C:\WINDOWS\System32\shlwapi.dll
0x00007ffd2dad0000 - 0x00007ffd2daf9000 	C:\WINDOWS\SYSTEM32\profapi.dll
0x00007ffd18e20000 - 0x00007ffd18e37000 	C:\Users\bondu\Softwares\Java\jdk-25\bin\zip.dll
0x00007ffd18de0000 - 0x00007ffd18df2000 	C:\Users\bondu\Softwares\Java\jdk-25\bin\net.dll
0x00007ffd2cff0000 - 0x00007ffd2d05b000 	C:\WINDOWS\system32\mswsock.dll
0x00007ffd18c50000 - 0x00007ffd18c66000 	C:\Users\bondu\Softwares\Java\jdk-25\bin\nio.dll
0x00007ffd23300000 - 0x00007ffd23310000 	C:\Users\bondu\Softwares\Java\jdk-25\bin\verify.dll
0x00007ffcfea00000 - 0x00007ffcfea44000 	C:\Users\bondu\AppData\Roaming\Code\User\globalStorage\redhat.java\1.50.0\config_win\org.eclipse.equinox.launcher\org.eclipse.equinox.launcher.win32.win32.x86_64_1.2.1400.v20250801-0854\eclipse_11916.dll
0x00007ffd2d2b0000 - 0x00007ffd2d2cb000 	C:\WINDOWS\SYSTEM32\CRYPTSP.dll
0x00007ffd2c9e0000 - 0x00007ffd2ca1a000 	C:\WINDOWS\system32\rsaenh.dll
0x00007ffd2d0a0000 - 0x00007ffd2d0cb000 	C:\WINDOWS\SYSTEM32\USERENV.dll
0x00007ffd2daa0000 - 0x00007ffd2daca000 	C:\WINDOWS\SYSTEM32\bcrypt.dll
0x00007ffd2d2d0000 - 0x00007ffd2d2dc000 	C:\WINDOWS\SYSTEM32\CRYPTBASE.dll
0x00007ffd2c530000 - 0x00007ffd2c564000 	C:\WINDOWS\SYSTEM32\IPHLPAPI.DLL
0x00007ffd305a0000 - 0x00007ffd305aa000 	C:\WINDOWS\System32\NSI.dll
0x00007ffcf3900000 - 0x00007ffcf3949000 	C:\Users\bondu\AppData\Local\Temp\jna-93920786\jna888597720736058416.dll
0x00007ffd30a10000 - 0x00007ffd30a18000 	C:\WINDOWS\System32\PSAPI.DLL
0x00007ffd25010000 - 0x00007ffd25138000 	C:\WINDOWS\SYSTEM32\winhttp.dll
0x00007ffd257d0000 - 0x00007ffd257ee000 	C:\WINDOWS\SYSTEM32\dhcpcsvc6.DLL
0x00007ffd257a0000 - 0x00007ffd257c3000 	C:\WINDOWS\SYSTEM32\dhcpcsvc.DLL
0x00007ffd27f40000 - 0x00007ffd27f49000 	C:\Users\bondu\Softwares\Java\jdk-25\bin\extnet.dll
0x00007ffd22ee0000 - 0x00007ffd22eee000 	C:\Users\bondu\Softwares\Java\jdk-25\bin\sunmscapi.dll
0x00007ffd2e5c0000 - 0x00007ffd2e737000 	C:\WINDOWS\System32\CRYPT32.dll
0x00007ffd2d4d0000 - 0x00007ffd2d500000 	C:\WINDOWS\SYSTEM32\ncrypt.dll
0x00007ffd2d480000 - 0x00007ffd2d4bf000 	C:\WINDOWS\SYSTEM32\NTASN1.dll
0x00007ffd2c570000 - 0x00007ffd2c69c000 	C:\WINDOWS\SYSTEM32\DNSAPI.dll
0x00007ffd244a0000 - 0x00007ffd244ab000 	C:\Windows\System32\rasadhlp.dll
0x00007ffd259f0000 - 0x00007ffd25a76000 	C:\WINDOWS\System32\fwpuclnt.dll

JVMTI agents:
c:\Users\bondu\.vscode\extensions\redhat.java-1.50.0-win32-x64\lombok\lombok-1.18.39-4050.jar path:C:\Users\bondu\Softwares\Java\jdk-25\bin\instrument.dll, loaded, initialized, instrumentlib options:none

dbghelp: loaded successfully - version: 4.0.5 - missing functions: none
symbol engine: initialized successfully - sym options: 0x614 - pdb path: .;C:\Users\bondu\Softwares\Java\jdk-25\bin;C:\WINDOWS\SYSTEM32;C:\WINDOWS\WinSxS\amd64_microsoft.windows.common-controls_6595b64144ccf1df_6.0.26100.7309_none_3e05feeae336a044;C:\Users\bondu\Softwares\Java\jdk-25\bin\server;C:\Users\bondu\AppData\Roaming\Code\User\globalStorage\redhat.java\1.50.0\config_win\org.eclipse.equinox.launcher\org.eclipse.equinox.launcher.win32.win32.x86_64_1.2.1400.v20250801-0854;C:\Users\bondu\AppData\Local\Temp\jna-93920786

VM Arguments:
jvm_args: -Djdk.xml.maxGeneralEntitySizeLimit=0 -Djdk.xml.totalEntitySizeLimit=0 --add-modules=ALL-SYSTEM --add-opens=java.base/java.util=ALL-UNNAMED --add-opens=java.base/java.lang=ALL-UNNAMED --add-opens=java.base/sun.nio.fs=ALL-UNNAMED -Declipse.application=org.eclipse.jdt.ls.core.id1 -Dosgi.bundles.defaultStartLevel=4 -Declipse.product=org.eclipse.jdt.ls.core.product -Djava.import.generatesMetadataFilesAtProjectRoot=false -DDetectVMInstallationsJob.disabled=true -Dfile.encoding=utf8 -XX:+UseParallelGC -XX:GCTimeRatio=4 -XX:AdaptiveSizePolicyWeight=90 -Dsun.zip.disableMemoryMapping=true -Xmx8G -Xms100m -Xlog:disable -javaagent:c:\Users\bondu\.vscode\extensions\redhat.java-1.50.0-win32-x64\lombok\lombok-1.18.39-4050.jar -XX:+HeapDumpOnOutOfMemoryError -XX:HeapDumpPath=c:\Users\bondu\AppData\Roaming\Code\User\workspaceStorage\e21e46f154a9d36f76d65e8892e77e12\redhat.java -Daether.dependencyCollector.impl=bf 
java_command: c:\Users\bondu\.vscode\extensions\redhat.java-1.50.0-win32-x64\server\plugins\org.eclipse.equinox.launcher_1.7.100.v20251111-0406.jar -configuration c:\Users\bondu\AppData\Roaming\Code\User\globalStorage\redhat.java\1.50.0\config_win -data c:\Users\bondu\AppData\Roaming\Code\User\workspaceStorage\e21e46f154a9d36f76d65e8892e77e12\redhat.java\jdt_ws --pipe=\\.\pipe\lsp-a2fad40b42f59d9a11783196068d6ae4-sock
java_class_path (initial): c:\Users\bondu\.vscode\extensions\redhat.java-1.50.0-win32-x64\server\plugins\org.eclipse.equinox.launcher_1.7.100.v20251111-0406.jar
Launcher Type: SUN_STANDARD

[Global flags]
     uint AdaptiveSizePolicyWeight                 = 90                                        {product} {command line}
     intx CICompilerCount                          = 15                                        {product} {ergonomic}
     uint GCTimeRatio                              = 4                                         {product} {command line}
     bool HeapDumpOnOutOfMemoryError               = true                                   {manageable} {command line}
    ccstr HeapDumpPath                             = c:\Users\bondu\AppData\Roaming\Code\User\workspaceStorage\e21e46f154a9d36f76d65e8892e77e12\redhat.java         {manageable} {command line}
   size_t InitialHeapSize                          = 104857600                                 {product} {command line}
   size_t MaxHeapSize                              = 8589934592                                {product} {command line}
   size_t MaxNewSize                               = 2863136768                                {product} {ergonomic}
   size_t MinHeapDeltaBytes                        = 524288                                    {product} {ergonomic}
   size_t MinHeapSize                              = 104857600                                 {product} {command line}
   size_t NewSize                                  = 34603008                                  {product} {ergonomic}
    uintx NonNMethodCodeHeapSize                   = 8192000                                {pd product} {ergonomic}
    uintx NonProfiledCodeHeapSize                  = 121765888                              {pd product} {ergonomic}
    uintx ProfiledCodeHeapSize                     = 121700352                              {pd product} {ergonomic}
    uintx ReservedCodeCacheSize                    = 251658240                              {pd product} {ergonomic}
     bool SegmentedCodeCache                       = true                                      {product} {ergonomic}
   size_t SoftMaxHeapSize                          = 8589934592                             {manageable} {ergonomic}
     bool UseCompressedOops                        = true                           {product lp64_product} {ergonomic}
     bool UseLargePagesIndividualAllocation        = false                                  {pd product} {ergonomic}
     bool UseParallelGC                            = true                                      {product} {command line}

Logging:
Log output configuration:
 #0: stdout all=off uptime,level,tags foldmultilines=false
 #1: stderr all=off uptime,level,tags foldmultilines=false

Release file:
IMPLEMENTOR="Oracle Corporation" 
JAVA_RUNTIME_VERSION="25+37-LTS-3491" 
JAVA_VERSION="25" 
JAVA_VERSION_DATE="2025-09-16" 
LIBC="default" 
MODULES="java.base java.compiler java.datatransfer java.xml java.prefs java.desktop java.instrument java.logging java.management java.security.sasl java.naming java.rmi java.management.rmi java.net.http java.scripting java.security.jgss java.transaction.xa java.sql java.sql.rowset java.xml.crypto java.se java.smartcardio jdk.accessibility jdk.internal.jvmstat jdk.attach jdk.charsets jdk.internal.opt jdk.zipfs jdk.compiler jdk.crypto.cryptoki jdk.crypto.ec jdk.crypto.mscapi jdk.dynalink jdk.internal.ed jdk.editpad jdk.internal.vm.ci jdk.graal.compiler jdk.graal.compiler.management jdk.hotspot.agent jdk.httpserver jdk.incubator.vector jdk.internal.le jdk.internal.md jdk.jartool jdk.javadoc jdk.jcmd jdk.management jdk.management.agent jdk.jconsole jdk.jdeps jdk.jdwp.agent jdk.jdi jdk.jfr jdk.jlink jdk.jpackage jdk.jshell jdk.jsobject jdk.jstatd jdk.localedata jdk.management.jfr jdk.naming.dns jdk.naming.rmi jdk.net jdk.nio.mapmode jdk.sctp jdk.security.auth jdk.security.jgss jdk.unsupported jdk.unsupported.desktop jdk.xml.dom" 
OS_ARCH="x86_64" 
OS_NAME="Windows" 
SOURCE=".:git:49d6a23b8806 open:git:6c48f4ed707b" 

Environment Variables:
JAVA_HOME=C:\Users\bondu\Softwares\Java\jdk-25
PATH=C:\Program Files\NVIDIA GPU Computing Toolkit\CUDA\v12.2\bin;C:\Program Files\NVIDIA GPU Computing Toolkit\CUDA\v12.2\libnvvp;;C:\Program Files\Common Files\Oracle\Java\javapath;C:\WINDOWS\system32;C:\WINDOWS;C:\WINDOWS\System32\Wbem;C:\WINDOWS\System32\WindowsPowerShell\v1.0\;C:\WINDOWS\System32\OpenSSH\;C:\Program Files (x86)\NVIDIA Corporation\PhysX\Common;C:\Program Files\dotnet\;C:\Program Files\NVIDIA Corporation\NVIDIA App\NvDLISR;C:\Users\bondu\Softwares\Java\jdk-25\bin;C:\Users\bondu\Softwares\Git\cmd;C:\Users\bondu\Softwares\PowerShell\7\;C:\Program Files\NVIDIA Corporation\Nsight Compute 2023.2.2\;C:\Users\bondu\Softwares\Python\Python310\Scripts\;C:\Users\bondu\Softwares\Python\Python310\;C:\Users\bondu\AppData\Local\Microsoft\WindowsApps;C:\Users\bondu\Softwares\Microsoft VS Code\bin;C:\Users\bondu\.dotnet\tools;C:\Users\bondu\AppData\Local\GitHubDesktop\bin;C:\Users\bondu\AppData\Local\Muse Hub\lib;C:\Program Files\NVIDIA GPU Computing Toolkit\CUDA\v12.2\bin;
USERNAME=bondu
OS=Windows_NT
PROCESSOR_IDENTIFIER=Intel64 Family 6 Model 183 Stepping 1, GenuineIntel
TMP=C:\Users\bondu\AppData\Local\Temp
TEMP=C:\Users\bondu\AppData\Local\Temp




Compilation memory statistics disabled.

Periodic native trim disabled

---------------  S Y S T E M  ---------------

OS:
 Windows 11 , 64 bit Build 26100 (10.0.26100.7309)
OS uptime: 2 days 5:14 hours
Hyper-V role detected

CPU: total 32 (initial active 32) (16 cores per cpu, 2 threads per core) family 6 model 183 stepping 1 microcode 0x120, cx8, cmov, fxsr, ht, mmx, 3dnowpref, sse, sse2, sse3, ssse3, sse4.1, sse4.2, popcnt, lzcnt, tsc, tscinvbit, avx, avx2, aes, erms, clmul, bmi1, bmi2, adx, sha, fma, vzeroupper, clflush, clflushopt, clwb, hv, serialize, rdtscp, rdpid, fsrm, gfni, f16c, cet_ibt, cet_ss
Processor Information for processor 0
  Max Mhz: 2200, Current Mhz: 2200, Mhz Limit: 2200
Processor Information for processor 1
  Max Mhz: 2200, Current Mhz: 1466, Mhz Limit: 2200
Processor Information for processor 2
  Max Mhz: 2200, Current Mhz: 2200, Mhz Limit: 2200
Processor Information for processor 3
  Max Mhz: 2200, Current Mhz: 2200, Mhz Limit: 2200
Processor Information for processor 4
  Max Mhz: 2200, Current Mhz: 1466, Mhz Limit: 2200
Processor Information for processor 5
  Max Mhz: 2200, Current Mhz: 1466, Mhz Limit: 2200
Processor Information for processor 6
  Max Mhz: 2200, Current Mhz: 2200, Mhz Limit: 2200
Processor Information for processor 7
  Max Mhz: 2200, Current Mhz: 1466, Mhz Limit: 2200
Processor Information for processor 8
  Max Mhz: 2200, Current Mhz: 1466, Mhz Limit: 2200
Processor Information for processor 9
  Max Mhz: 2200, Current Mhz: 2200, Mhz Limit: 2200
Processor Information for processor 10
  Max Mhz: 2200, Current Mhz: 2200, Mhz Limit: 2200
Processor Information for processor 11
  Max Mhz: 2200, Current Mhz: 1466, Mhz Limit: 2200
Processor Information for processor 12
  Max Mhz: 2200, Current Mhz: 2200, Mhz Limit: 2200
Processor Information for processor 13
  Max Mhz: 2200, Current Mhz: 1466, Mhz Limit: 2200
Processor Information for processor 14
  Max Mhz: 2200, Current Mhz: 2200, Mhz Limit: 2200
Processor Information for processor 15
  Max Mhz: 2200, Current Mhz: 1466, Mhz Limit: 2200
Processor Information for processor 16
  Max Mhz: 2200, Current Mhz: 1512, Mhz Limit: 2200
Processor Information for processor 17
  Max Mhz: 2200, Current Mhz: 1512, Mhz Limit: 2200
Processor Information for processor 18
  Max Mhz: 2200, Current Mhz: 1512, Mhz Limit: 2200
Processor Information for processor 19
  Max Mhz: 2200, Current Mhz: 1512, Mhz Limit: 2200
Processor Information for processor 20
  Max Mhz: 2200, Current Mhz: 2200, Mhz Limit: 2200
Processor Information for processor 21
  Max Mhz: 2200, Current Mhz: 2200, Mhz Limit: 2200
Processor Information for processor 22
  Max Mhz: 2200, Current Mhz: 2200, Mhz Limit: 2200
Processor Information for processor 23
  Max Mhz: 2200, Current Mhz: 1512, Mhz Limit: 2200
Processor Information for processor 24
  Max Mhz: 2200, Current Mhz: 1512, Mhz Limit: 2200
Processor Information for processor 25
  Max Mhz: 2200, Current Mhz: 2200, Mhz Limit: 2200
Processor Information for processor 26
  Max Mhz: 2200, Current Mhz: 1512, Mhz Limit: 2200
Processor Information for processor 27
  Max Mhz: 2200, Current Mhz: 2200, Mhz Limit: 2200
Processor Information for processor 28
  Max Mhz: 2200, Current Mhz: 1512, Mhz Limit: 2200
Processor Information for processor 29
  Max Mhz: 2200, Current Mhz: 1512, Mhz Limit: 2200
Processor Information for processor 30
  Max Mhz: 2200, Current Mhz: 2200, Mhz Limit: 2200
Processor Information for processor 31
  Max Mhz: 2200, Current Mhz: 2200, Mhz Limit: 2200

Memory: 4k page, system-wide physical 16088M (3507M free)
TotalPageFile size 39454M (AvailPageFile size 16552M)
current process WorkingSet (physical memory assigned to process): 490M, peak: 501M
current process commit charge ("private bytes"): 675M, peak: 685M

vm_info: Java HotSpot(TM) 64-Bit Server VM (25+37-LTS-3491) for windows-amd64 JRE (25+37-LTS-3491), built on 2025-08-14T21:13:00Z with unknown MS VC++:1943

END.
